// Validating benchmarks:
// ***** BenchmarkRunner: Start   *****
// ***** Found 2 benchmark(s) in total *****
// ***** Building 1 exe(s) in Parallel: Start   *****
// start dotnet  restore --nodeReuse:false /p:UseSharedCompilation=false /p:Deterministic=true /p:Optimize=true /p:ArtifactsPath="B:\GitHub\TelegramClientServer\TelegramBenchmarks\bin\Release\net8.0\TelegramBenchmarks-DefaultJob-1/" /p:OutDir="B:\GitHub\TelegramClientServer\TelegramBenchmarks\bin\Release\net8.0\TelegramBenchmarks-DefaultJob-1\bin\Release\net8.0/" /p:OutputPath="B:\GitHub\TelegramClientServer\TelegramBenchmarks\bin\Release\net8.0\TelegramBenchmarks-DefaultJob-1\bin\Release\net8.0/" /p:PublishDir="B:\GitHub\TelegramClientServer\TelegramBenchmarks\bin\Release\net8.0\TelegramBenchmarks-DefaultJob-1\publish/" in B:\GitHub\TelegramClientServer\TelegramBenchmarks\bin\Release\net8.0\TelegramBenchmarks-DefaultJob-1
// command took 1.68 sec and exited with 0
// start dotnet  build -c Release --no-restore --nodeReuse:false /p:UseSharedCompilation=false /p:Deterministic=true /p:Optimize=true /p:ArtifactsPath="B:\GitHub\TelegramClientServer\TelegramBenchmarks\bin\Release\net8.0\TelegramBenchmarks-DefaultJob-1/" /p:OutDir="B:\GitHub\TelegramClientServer\TelegramBenchmarks\bin\Release\net8.0\TelegramBenchmarks-DefaultJob-1\bin\Release\net8.0/" /p:OutputPath="B:\GitHub\TelegramClientServer\TelegramBenchmarks\bin\Release\net8.0\TelegramBenchmarks-DefaultJob-1\bin\Release\net8.0/" /p:PublishDir="B:\GitHub\TelegramClientServer\TelegramBenchmarks\bin\Release\net8.0\TelegramBenchmarks-DefaultJob-1\publish/" --output "B:\GitHub\TelegramClientServer\TelegramBenchmarks\bin\Release\net8.0\TelegramBenchmarks-DefaultJob-1\bin\Release\net8.0/" in B:\GitHub\TelegramClientServer\TelegramBenchmarks\bin\Release\net8.0\TelegramBenchmarks-DefaultJob-1
// command took 12.04 sec and exited with 0
// ***** Done, took 00:00:13 (13.82 sec)   *****
// Found 2 benchmarks:
//   MessageLoadBenchmark.LoadAsList: DefaultJob
//   MessageLoadBenchmark.LoadAsStream: DefaultJob

Setup power plan (GUID: 8c5e7fda-e8bf-4a96-9a85-a6e23a8c635c FriendlyName: Высокая производительность)
// **************************
// Benchmark: MessageLoadBenchmark.LoadAsList: DefaultJob
// *** Execute ***
// Launch: 1 / 1
// Execute: dotnet TelegramBenchmarks-DefaultJob-1.dll --anonymousPipes 1152 1928 --benchmarkName TelegramBenchmarks.MessageLoadBenchmark.LoadAsList --job Default --benchmarkId 0 in B:\GitHub\TelegramClientServer\TelegramBenchmarks\bin\Release\net8.0\TelegramBenchmarks-DefaultJob-1\bin\Release\net8.0
// BeforeAnythingElse

// Benchmark Process Environment Information:
// BenchmarkDotNet v0.15.8
// Runtime=.NET 8.0.26 (8.0.26, 8.0.2626.16921), X64 RyuJIT x86-64-v3
// GC=Concurrent Workstation
// HardwareIntrinsics=AVX2+BMI1+BMI2+F16C+FMA+LZCNT+MOVBE,AVX,SSE3+SSSE3+SSE4.1+SSE4.2+POPCNT,X86Base+SSE+SSE2,AES+PCLMUL VectorSize=256
// Job: DefaultJob

OverheadJitting  1: 1 op, 176600.00 ns, 176.6000 us/op
WorkloadJitting  1: 1 op, 2209876800.00 ns, 2.2099 s/op

OverheadJitting  2: 1 op, 1400.00 ns, 1.4000 us/op
WorkloadJitting  2: 1 op, 3425300.00 ns, 3.4253 ms/op

OverheadJitting  3: 16 op, 673800.00 ns, 42.1125 us/op
WorkloadJitting  3: 16 op, 49379900.00 ns, 3.0862 ms/op

WorkloadPilot    1: 16 op, 49674800.00 ns, 3.1047 ms/op
WorkloadPilot    2: 32 op, 99734200.00 ns, 3.1167 ms/op
WorkloadPilot    3: 64 op, 211857700.00 ns, 3.3103 ms/op
WorkloadPilot    4: 128 op, 379780300.00 ns, 2.9670 ms/op
WorkloadPilot    5: 256 op, 847216700.00 ns, 3.3094 ms/op

OverheadWarmup   1: 256 op, 4700.00 ns, 18.3594 ns/op
OverheadWarmup   2: 256 op, 3200.00 ns, 12.5000 ns/op
OverheadWarmup   3: 256 op, 2700.00 ns, 10.5469 ns/op
OverheadWarmup   4: 256 op, 2900.00 ns, 11.3281 ns/op
OverheadWarmup   5: 256 op, 2600.00 ns, 10.1563 ns/op
OverheadWarmup   6: 256 op, 2500.00 ns, 9.7656 ns/op
OverheadWarmup   7: 256 op, 3900.00 ns, 15.2344 ns/op
OverheadWarmup   8: 256 op, 2600.00 ns, 10.1563 ns/op

OverheadActual   1: 256 op, 2900.00 ns, 11.3281 ns/op
OverheadActual   2: 256 op, 2700.00 ns, 10.5469 ns/op
OverheadActual   3: 256 op, 3100.00 ns, 12.1094 ns/op
OverheadActual   4: 256 op, 3900.00 ns, 15.2344 ns/op
OverheadActual   5: 256 op, 2800.00 ns, 10.9375 ns/op
OverheadActual   6: 256 op, 3600.00 ns, 14.0625 ns/op
OverheadActual   7: 256 op, 2800.00 ns, 10.9375 ns/op
OverheadActual   8: 256 op, 3600.00 ns, 14.0625 ns/op
OverheadActual   9: 256 op, 2500.00 ns, 9.7656 ns/op
OverheadActual  10: 256 op, 3600.00 ns, 14.0625 ns/op
OverheadActual  11: 256 op, 2900.00 ns, 11.3281 ns/op
OverheadActual  12: 256 op, 2200.00 ns, 8.5938 ns/op
OverheadActual  13: 256 op, 2400.00 ns, 9.3750 ns/op
OverheadActual  14: 256 op, 2400.00 ns, 9.3750 ns/op
OverheadActual  15: 256 op, 1700.00 ns, 6.6406 ns/op
OverheadActual  16: 256 op, 2000.00 ns, 7.8125 ns/op
OverheadActual  17: 256 op, 2000.00 ns, 7.8125 ns/op
OverheadActual  18: 256 op, 3000.00 ns, 11.7188 ns/op
OverheadActual  19: 256 op, 2400.00 ns, 9.3750 ns/op
OverheadActual  20: 256 op, 2000.00 ns, 7.8125 ns/op

WorkloadWarmup   1: 256 op, 376230400.00 ns, 1.4697 ms/op
WorkloadWarmup   2: 256 op, 289158100.00 ns, 1.1295 ms/op
WorkloadWarmup   3: 256 op, 264722300.00 ns, 1.0341 ms/op
WorkloadWarmup   4: 256 op, 261566900.00 ns, 1.0217 ms/op
WorkloadWarmup   5: 256 op, 263258100.00 ns, 1.0284 ms/op
WorkloadWarmup   6: 256 op, 268286700.00 ns, 1.0480 ms/op
WorkloadWarmup   7: 256 op, 255191600.00 ns, 996.8422 us/op
WorkloadWarmup   8: 256 op, 269736500.00 ns, 1.0537 ms/op
WorkloadWarmup   9: 256 op, 261158600.00 ns, 1.0202 ms/op

// BeforeActualRun
WorkloadActual   1: 256 op, 264711500.00 ns, 1.0340 ms/op
WorkloadActual   2: 256 op, 264310400.00 ns, 1.0325 ms/op
WorkloadActual   3: 256 op, 265792500.00 ns, 1.0383 ms/op
WorkloadActual   4: 256 op, 270399900.00 ns, 1.0562 ms/op
WorkloadActual   5: 256 op, 267972500.00 ns, 1.0468 ms/op
WorkloadActual   6: 256 op, 270019200.00 ns, 1.0548 ms/op
WorkloadActual   7: 256 op, 264972000.00 ns, 1.0350 ms/op
WorkloadActual   8: 256 op, 273361400.00 ns, 1.0678 ms/op
WorkloadActual   9: 256 op, 272729200.00 ns, 1.0653 ms/op
WorkloadActual  10: 256 op, 274327800.00 ns, 1.0716 ms/op
WorkloadActual  11: 256 op, 266253100.00 ns, 1.0401 ms/op
WorkloadActual  12: 256 op, 277104800.00 ns, 1.0824 ms/op
WorkloadActual  13: 256 op, 272892300.00 ns, 1.0660 ms/op
WorkloadActual  14: 256 op, 279993300.00 ns, 1.0937 ms/op
WorkloadActual  15: 256 op, 276680400.00 ns, 1.0808 ms/op

// AfterActualRun
WorkloadResult   1: 256 op, 264708750.00 ns, 1.0340 ms/op
WorkloadResult   2: 256 op, 264307650.00 ns, 1.0325 ms/op
WorkloadResult   3: 256 op, 265789750.00 ns, 1.0382 ms/op
WorkloadResult   4: 256 op, 270397150.00 ns, 1.0562 ms/op
WorkloadResult   5: 256 op, 267969750.00 ns, 1.0468 ms/op
WorkloadResult   6: 256 op, 270016450.00 ns, 1.0548 ms/op
WorkloadResult   7: 256 op, 264969250.00 ns, 1.0350 ms/op
WorkloadResult   8: 256 op, 273358650.00 ns, 1.0678 ms/op
WorkloadResult   9: 256 op, 272726450.00 ns, 1.0653 ms/op
WorkloadResult  10: 256 op, 274325050.00 ns, 1.0716 ms/op
WorkloadResult  11: 256 op, 266250350.00 ns, 1.0400 ms/op
WorkloadResult  12: 256 op, 277102050.00 ns, 1.0824 ms/op
WorkloadResult  13: 256 op, 272889550.00 ns, 1.0660 ms/op
WorkloadResult  14: 256 op, 279990550.00 ns, 1.0937 ms/op
WorkloadResult  15: 256 op, 276677650.00 ns, 1.0808 ms/op
// GC:  33 10 0 96832712 256
// Threading:  0 0 256

// AfterAll
// Benchmark Process 17512 has exited with code 0.

Mean = 1.058 ms, StdErr = 0.005 ms (0.48%), N = 15, StdDev = 0.020 ms
Min = 1.032 ms, Q1 = 1.039 ms, Median = 1.056 ms, Q3 = 1.070 ms, Max = 1.094 ms
IQR = 0.031 ms, LowerFence = 0.993 ms, UpperFence = 1.116 ms
ConfidenceInterval = [1.037 ms; 1.079 ms] (CI 99.9%), Margin = 0.021 ms (1.98% of Mean)
Skewness = 0.21, Kurtosis = 1.63, MValue = 2

// ** Remained 1 (50,0 %) benchmark(s) to run. Estimated finish 2026-04-26 21:42 (0h 0m from now) **
Setup power plan (GUID: 8c5e7fda-e8bf-4a96-9a85-a6e23a8c635c FriendlyName: Высокая производительность)
// **************************
// Benchmark: MessageLoadBenchmark.LoadAsStream: DefaultJob
// *** Execute ***
// Launch: 1 / 1
// Execute: dotnet TelegramBenchmarks-DefaultJob-1.dll --anonymousPipes 2984 1756 --benchmarkName TelegramBenchmarks.MessageLoadBenchmark.LoadAsStream --job Default --benchmarkId 1 in B:\GitHub\TelegramClientServer\TelegramBenchmarks\bin\Release\net8.0\TelegramBenchmarks-DefaultJob-1\bin\Release\net8.0
// BeforeAnythingElse

// Benchmark Process Environment Information:
// BenchmarkDotNet v0.15.8
// Runtime=.NET 8.0.26 (8.0.26, 8.0.2626.16921), X64 RyuJIT x86-64-v3
// GC=Concurrent Workstation
// HardwareIntrinsics=AVX2+BMI1+BMI2+F16C+FMA+LZCNT+MOVBE,AVX,SSE3+SSSE3+SSE4.1+SSE4.2+POPCNT,X86Base+SSE+SSE2,AES+PCLMUL VectorSize=256
// Job: DefaultJob

OverheadJitting  1: 1 op, 110600.00 ns, 110.6000 us/op
WorkloadJitting  1: 1 op, 3682700.00 ns, 3.6827 ms/op

OverheadJitting  2: 16 op, 190300.00 ns, 11.8938 us/op
WorkloadJitting  2: 16 op, 177500.00 ns, 11.0938 us/op

WorkloadPilot    1: 16 op, 5800.00 ns, 362.5000 ns/op
WorkloadPilot    2: 32 op, 4100.00 ns, 128.1250 ns/op
WorkloadPilot    3: 64 op, 5100.00 ns, 79.6875 ns/op
WorkloadPilot    4: 128 op, 7700.00 ns, 60.1563 ns/op
WorkloadPilot    5: 256 op, 13600.00 ns, 53.1250 ns/op
WorkloadPilot    6: 512 op, 26000.00 ns, 50.7813 ns/op
WorkloadPilot    7: 1024 op, 69700.00 ns, 68.0664 ns/op
WorkloadPilot    8: 2048 op, 129500.00 ns, 63.2324 ns/op
WorkloadPilot    9: 4096 op, 274900.00 ns, 67.1143 ns/op
WorkloadPilot   10: 8192 op, 542000.00 ns, 66.1621 ns/op
WorkloadPilot   11: 16384 op, 1198700.00 ns, 73.1628 ns/op
WorkloadPilot   12: 32768 op, 2279300.00 ns, 69.5587 ns/op
WorkloadPilot   13: 65536 op, 3653500.00 ns, 55.7480 ns/op
WorkloadPilot   14: 131072 op, 7035500.00 ns, 53.6766 ns/op
WorkloadPilot   15: 262144 op, 14000800.00 ns, 53.4088 ns/op
WorkloadPilot   16: 524288 op, 35113700.00 ns, 66.9741 ns/op
WorkloadPilot   17: 1048576 op, 49686300.00 ns, 47.3845 ns/op
WorkloadPilot   18: 2097152 op, 91509700.00 ns, 43.6352 ns/op
WorkloadPilot   19: 4194304 op, 65843500.00 ns, 15.6983 ns/op
WorkloadPilot   20: 8388608 op, 136525100.00 ns, 16.2751 ns/op
WorkloadPilot   21: 16777216 op, 272729200.00 ns, 16.2559 ns/op
WorkloadPilot   22: 33554432 op, 510196700.00 ns, 15.2050 ns/op

OverheadWarmup   1: 33554432 op, 77602100.00 ns, 2.3127 ns/op
OverheadWarmup   2: 33554432 op, 77279000.00 ns, 2.3031 ns/op
OverheadWarmup   3: 33554432 op, 73353800.00 ns, 2.1861 ns/op
OverheadWarmup   4: 33554432 op, 52952700.00 ns, 1.5781 ns/op
OverheadWarmup   5: 33554432 op, 52222100.00 ns, 1.5563 ns/op
OverheadWarmup   6: 33554432 op, 52230700.00 ns, 1.5566 ns/op
OverheadWarmup   7: 33554432 op, 52553200.00 ns, 1.5662 ns/op
OverheadWarmup   8: 33554432 op, 52422900.00 ns, 1.5623 ns/op
OverheadWarmup   9: 33554432 op, 52181500.00 ns, 1.5551 ns/op
OverheadWarmup  10: 33554432 op, 52483200.00 ns, 1.5641 ns/op

OverheadActual   1: 33554432 op, 52290200.00 ns, 1.5584 ns/op
OverheadActual   2: 33554432 op, 52171400.00 ns, 1.5548 ns/op
OverheadActual   3: 33554432 op, 52180300.00 ns, 1.5551 ns/op
OverheadActual   4: 33554432 op, 52218400.00 ns, 1.5562 ns/op
OverheadActual   5: 33554432 op, 52210500.00 ns, 1.5560 ns/op
OverheadActual   6: 33554432 op, 52166600.00 ns, 1.5547 ns/op
OverheadActual   7: 33554432 op, 52155500.00 ns, 1.5544 ns/op
OverheadActual   8: 33554432 op, 52208400.00 ns, 1.5559 ns/op
OverheadActual   9: 33554432 op, 52821100.00 ns, 1.5742 ns/op
OverheadActual  10: 33554432 op, 52222400.00 ns, 1.5563 ns/op
OverheadActual  11: 33554432 op, 52916000.00 ns, 1.5770 ns/op
OverheadActual  12: 33554432 op, 52185500.00 ns, 1.5552 ns/op
OverheadActual  13: 33554432 op, 52159100.00 ns, 1.5545 ns/op
OverheadActual  14: 33554432 op, 52169600.00 ns, 1.5548 ns/op
OverheadActual  15: 33554432 op, 52215700.00 ns, 1.5561 ns/op

WorkloadWarmup   1: 33554432 op, 509093000.00 ns, 15.1722 ns/op
WorkloadWarmup   2: 33554432 op, 505956000.00 ns, 15.0787 ns/op
WorkloadWarmup   3: 33554432 op, 509842000.00 ns, 15.1945 ns/op
WorkloadWarmup   4: 33554432 op, 507735300.00 ns, 15.1317 ns/op
WorkloadWarmup   5: 33554432 op, 510483600.00 ns, 15.2136 ns/op
WorkloadWarmup   6: 33554432 op, 511397800.00 ns, 15.2408 ns/op
WorkloadWarmup   7: 33554432 op, 505255900.00 ns, 15.0578 ns/op

// BeforeActualRun
WorkloadActual   1: 33554432 op, 500802900.00 ns, 14.9251 ns/op
WorkloadActual   2: 33554432 op, 519204300.00 ns, 15.4735 ns/op
WorkloadActual   3: 33554432 op, 505341600.00 ns, 15.0604 ns/op
WorkloadActual   4: 33554432 op, 525394600.00 ns, 15.6580 ns/op
WorkloadActual   5: 33554432 op, 525472600.00 ns, 15.6603 ns/op
WorkloadActual   6: 33554432 op, 522303900.00 ns, 15.5659 ns/op
WorkloadActual   7: 33554432 op, 507349100.00 ns, 15.1202 ns/op
WorkloadActual   8: 33554432 op, 506737400.00 ns, 15.1020 ns/op
WorkloadActual   9: 33554432 op, 498743500.00 ns, 14.8637 ns/op
WorkloadActual  10: 33554432 op, 503941100.00 ns, 15.0186 ns/op
WorkloadActual  11: 33554432 op, 502682400.00 ns, 14.9811 ns/op
WorkloadActual  12: 33554432 op, 506759000.00 ns, 15.1026 ns/op
WorkloadActual  13: 33554432 op, 502185900.00 ns, 14.9663 ns/op
WorkloadActual  14: 33554432 op, 506546600.00 ns, 15.0963 ns/op
WorkloadActual  15: 33554432 op, 513327200.00 ns, 15.2983 ns/op

// AfterActualRun
WorkloadResult   1: 33554432 op, 448594500.00 ns, 13.3692 ns/op
WorkloadResult   2: 33554432 op, 466995900.00 ns, 13.9176 ns/op
WorkloadResult   3: 33554432 op, 453133200.00 ns, 13.5044 ns/op
WorkloadResult   4: 33554432 op, 473186200.00 ns, 14.1020 ns/op
WorkloadResult   5: 33554432 op, 473264200.00 ns, 14.1044 ns/op
WorkloadResult   6: 33554432 op, 470095500.00 ns, 14.0099 ns/op
WorkloadResult   7: 33554432 op, 455140700.00 ns, 13.5642 ns/op
WorkloadResult   8: 33554432 op, 454529000.00 ns, 13.5460 ns/op
WorkloadResult   9: 33554432 op, 446535100.00 ns, 13.3078 ns/op
WorkloadResult  10: 33554432 op, 451732700.00 ns, 13.4627 ns/op
WorkloadResult  11: 33554432 op, 450474000.00 ns, 13.4252 ns/op
WorkloadResult  12: 33554432 op, 454550600.00 ns, 13.5467 ns/op
WorkloadResult  13: 33554432 op, 449977500.00 ns, 13.4104 ns/op
WorkloadResult  14: 33554432 op, 454338200.00 ns, 13.5403 ns/op
WorkloadResult  15: 33554432 op, 461118800.00 ns, 13.7424 ns/op
// GC:  1797 0 0 3758096384 33554432
// Threading:  0 0 33554432

// AfterAll
// Benchmark Process 5884 has exited with code 0.

Mean = 13.637 ns, StdErr = 0.070 ns (0.51%), N = 15, StdDev = 0.270 ns
Min = 13.308 ns, Q1 = 13.444 ns, Median = 13.546 ns, Q3 = 13.830 ns, Max = 14.104 ns
IQR = 0.386 ns, LowerFence = 12.865 ns, UpperFence = 14.409 ns
ConfidenceInterval = [13.348 ns; 13.925 ns] (CI 99.9%), Margin = 0.288 ns (2.12% of Mean)
Skewness = 0.65, Kurtosis = 1.8, MValue = 2.6

// ** Remained 0 (0,0 %) benchmark(s) to run. Estimated finish 2026-04-26 21:42 (0h 0m from now) **
Successfully reverted power plan (GUID: 8c5e7fda-e8bf-4a96-9a85-a6e23a8c635c FriendlyName: Высокая производительность)
// ***** BenchmarkRunner: Finish  *****

// * Export *
  BenchmarkDotNet.Artifacts\results\TelegramBenchmarks.MessageLoadBenchmark-report.csv
  BenchmarkDotNet.Artifacts\results\TelegramBenchmarks.MessageLoadBenchmark-report-github.md
  BenchmarkDotNet.Artifacts\results\TelegramBenchmarks.MessageLoadBenchmark-report.html

// * Detailed results *
MessageLoadBenchmark.LoadAsList: DefaultJob
Runtime = .NET 8.0.26 (8.0.26, 8.0.2626.16921), X64 RyuJIT x86-64-v3; GC = Concurrent Workstation
Mean = 1.058 ms, StdErr = 0.005 ms (0.48%), N = 15, StdDev = 0.020 ms
Min = 1.032 ms, Q1 = 1.039 ms, Median = 1.056 ms, Q3 = 1.070 ms, Max = 1.094 ms
IQR = 0.031 ms, LowerFence = 0.993 ms, UpperFence = 1.116 ms
ConfidenceInterval = [1.037 ms; 1.079 ms] (CI 99.9%), Margin = 0.021 ms (1.98% of Mean)
Skewness = 0.21, Kurtosis = 1.63, MValue = 2
-------------------- Histogram --------------------
[1.029 ms ; 1.053 ms) | @@@@@@
[1.053 ms ; 1.098 ms) | @@@@@@@@@
---------------------------------------------------

MessageLoadBenchmark.LoadAsStream: DefaultJob
Runtime = .NET 8.0.26 (8.0.26, 8.0.2626.16921), X64 RyuJIT x86-64-v3; GC = Concurrent Workstation
Mean = 13.637 ns, StdErr = 0.070 ns (0.51%), N = 15, StdDev = 0.270 ns
Min = 13.308 ns, Q1 = 13.444 ns, Median = 13.546 ns, Q3 = 13.830 ns, Max = 14.104 ns
IQR = 0.386 ns, LowerFence = 12.865 ns, UpperFence = 14.409 ns
ConfidenceInterval = [13.348 ns; 13.925 ns] (CI 99.9%), Margin = 0.288 ns (2.12% of Mean)
Skewness = 0.65, Kurtosis = 1.8, MValue = 2.6
-------------------- Histogram --------------------
[13.292 ns ; 13.580 ns) | @@@@@@@@@@
[13.580 ns ; 13.867 ns) | @
[13.867 ns ; 14.155 ns) | @@@@
---------------------------------------------------

// * Summary *

BenchmarkDotNet v0.15.8, Windows 11 (10.0.26200.8246/25H2/2025Update/HudsonValley2)
AMD Ryzen 5 5500U with Radeon Graphics 2.10GHz, 1 CPU, 12 logical and 6 physical cores
.NET SDK 8.0.420
  [Host]     : .NET 8.0.26 (8.0.26, 8.0.2626.16921), X64 RyuJIT x86-64-v3
  DefaultJob : .NET 8.0.26 (8.0.26, 8.0.2626.16921), X64 RyuJIT x86-64-v3


| Method       | Mean            | Error         | StdDev        | Gen0     | Gen1    | Allocated |
|------------- |----------------:|--------------:|--------------:|---------:|--------:|----------:|
| LoadAsList   | 1,057,676.84 ns | 20,987.225 ns | 19,631.464 ns | 128.9063 | 39.0625 |  378253 B |
| LoadAsStream |        13.64 ns |      0.288 ns |      0.270 ns |   0.0536 |       - |     112 B |

// * Legends *
  Mean      : Arithmetic mean of all measurements
  Error     : Half of 99.9% confidence interval
  StdDev    : Standard deviation of all measurements
  Gen0      : GC Generation 0 collects per 1000 operations
  Gen1      : GC Generation 1 collects per 1000 operations
  Allocated : Allocated memory per single operation (managed only, inclusive, 1KB = 1024B)
  1 ns      : 1 Nanosecond (0.000000001 sec)

// * Diagnostic Output - MemoryDiagnoser *


// ***** BenchmarkRunner: End *****
Run time: 00:00:28 (28.02 sec), executed benchmarks: 2

Global total time: 00:00:43 (43.59 sec), executed benchmarks: 2
// * Artifacts cleanup *
Artifacts cleanup is finished
