// Validating benchmarks:
// ***** BenchmarkRunner: Start   *****
// ***** Found 2 benchmark(s) in total *****
// ***** Building 1 exe(s) in Parallel: Start   *****
// start dotnet  restore --nodeReuse:false /p:UseSharedCompilation=false /p:Deterministic=true /p:Optimize=true /p:ArtifactsPath="B:\GitHub\TelegramClientServer\TelegramBenchmarks\bin\Release\net8.0\TelegramBenchmarks-DefaultJob-1/" /p:OutDir="B:\GitHub\TelegramClientServer\TelegramBenchmarks\bin\Release\net8.0\TelegramBenchmarks-DefaultJob-1\bin\Release\net8.0/" /p:OutputPath="B:\GitHub\TelegramClientServer\TelegramBenchmarks\bin\Release\net8.0\TelegramBenchmarks-DefaultJob-1\bin\Release\net8.0/" /p:PublishDir="B:\GitHub\TelegramClientServer\TelegramBenchmarks\bin\Release\net8.0\TelegramBenchmarks-DefaultJob-1\publish/" in B:\GitHub\TelegramClientServer\TelegramBenchmarks\bin\Release\net8.0\TelegramBenchmarks-DefaultJob-1
// command took 3.15 sec and exited with 0
// start dotnet  build -c Release --no-restore --nodeReuse:false /p:UseSharedCompilation=false /p:Deterministic=true /p:Optimize=true /p:ArtifactsPath="B:\GitHub\TelegramClientServer\TelegramBenchmarks\bin\Release\net8.0\TelegramBenchmarks-DefaultJob-1/" /p:OutDir="B:\GitHub\TelegramClientServer\TelegramBenchmarks\bin\Release\net8.0\TelegramBenchmarks-DefaultJob-1\bin\Release\net8.0/" /p:OutputPath="B:\GitHub\TelegramClientServer\TelegramBenchmarks\bin\Release\net8.0\TelegramBenchmarks-DefaultJob-1\bin\Release\net8.0/" /p:PublishDir="B:\GitHub\TelegramClientServer\TelegramBenchmarks\bin\Release\net8.0\TelegramBenchmarks-DefaultJob-1\publish/" --output "B:\GitHub\TelegramClientServer\TelegramBenchmarks\bin\Release\net8.0\TelegramBenchmarks-DefaultJob-1\bin\Release\net8.0/" in B:\GitHub\TelegramClientServer\TelegramBenchmarks\bin\Release\net8.0\TelegramBenchmarks-DefaultJob-1
// command took 12.8 sec and exited with 0
// ***** Done, took 00:00:16 (16.2 sec)   *****
// Found 2 benchmarks:
//   MessageLoadBenchmark.LoadAsList: DefaultJob
//   MessageLoadBenchmark.LoadAsStream: DefaultJob

Setup power plan (GUID: 8c5e7fda-e8bf-4a96-9a85-a6e23a8c635c FriendlyName: Высокая производительность)
// **************************
// Benchmark: MessageLoadBenchmark.LoadAsList: DefaultJob
// *** Execute ***
// Launch: 1 / 1
// Execute: dotnet TelegramBenchmarks-DefaultJob-1.dll --anonymousPipes 2956 2816 --benchmarkName TelegramBenchmarks.MessageLoadBenchmark.LoadAsList --job Default --benchmarkId 0 in B:\GitHub\TelegramClientServer\TelegramBenchmarks\bin\Release\net8.0\TelegramBenchmarks-DefaultJob-1\bin\Release\net8.0
// BeforeAnythingElse

// Benchmark Process Environment Information:
// BenchmarkDotNet v0.15.8
// Runtime=.NET 8.0.25 (8.0.25, 8.0.2526.11203), X64 RyuJIT x86-64-v3
// GC=Concurrent Workstation
// HardwareIntrinsics=AVX2+BMI1+BMI2+F16C+FMA+LZCNT+MOVBE,AVX,SSE3+SSSE3+SSE4.1+SSE4.2+POPCNT,X86Base+SSE+SSE2,AES+PCLMUL VectorSize=256
// Job: DefaultJob

OverheadJitting  1: 1 op, 213200.00 ns, 213.2000 us/op
WorkloadJitting  1: 1 op, 3445657900.00 ns, 3.4457 s/op

OverheadJitting  2: 1 op, 1900.00 ns, 1.9000 us/op
WorkloadJitting  2: 1 op, 965324900.00 ns, 965.3249 ms/op

WorkloadWarmup   1: 1 op, 412828100.00 ns, 412.8281 ms/op
WorkloadWarmup   2: 1 op, 309462600.00 ns, 309.4626 ms/op
WorkloadWarmup   3: 1 op, 299250300.00 ns, 299.2503 ms/op
WorkloadWarmup   4: 1 op, 341067500.00 ns, 341.0675 ms/op
WorkloadWarmup   5: 1 op, 308481000.00 ns, 308.4810 ms/op
WorkloadWarmup   6: 1 op, 342667800.00 ns, 342.6678 ms/op
WorkloadWarmup   7: 1 op, 306770300.00 ns, 306.7703 ms/op

// BeforeActualRun
WorkloadActual   1: 1 op, 349560700.00 ns, 349.5607 ms/op
WorkloadActual   2: 1 op, 313420000.00 ns, 313.4200 ms/op
WorkloadActual   3: 1 op, 288197800.00 ns, 288.1978 ms/op
WorkloadActual   4: 1 op, 288909100.00 ns, 288.9091 ms/op
WorkloadActual   5: 1 op, 281225700.00 ns, 281.2257 ms/op
WorkloadActual   6: 1 op, 275294200.00 ns, 275.2942 ms/op
WorkloadActual   7: 1 op, 285111100.00 ns, 285.1111 ms/op
WorkloadActual   8: 1 op, 292459300.00 ns, 292.4593 ms/op
WorkloadActual   9: 1 op, 291055900.00 ns, 291.0559 ms/op
WorkloadActual  10: 1 op, 304230800.00 ns, 304.2308 ms/op
WorkloadActual  11: 1 op, 291716400.00 ns, 291.7164 ms/op
WorkloadActual  12: 1 op, 287731800.00 ns, 287.7318 ms/op
WorkloadActual  13: 1 op, 281067300.00 ns, 281.0673 ms/op
WorkloadActual  14: 1 op, 285770900.00 ns, 285.7709 ms/op
WorkloadActual  15: 1 op, 287541400.00 ns, 287.5414 ms/op
WorkloadActual  16: 1 op, 286739400.00 ns, 286.7394 ms/op
WorkloadActual  17: 1 op, 3992722700.00 ns, 3.9927 s/op
WorkloadActual  18: 1 op, 417049100.00 ns, 417.0491 ms/op
WorkloadActual  19: 1 op, 308915500.00 ns, 308.9155 ms/op
WorkloadActual  20: 1 op, 355320800.00 ns, 355.3208 ms/op
WorkloadActual  21: 1 op, 313514600.00 ns, 313.5146 ms/op
WorkloadActual  22: 1 op, 285767500.00 ns, 285.7675 ms/op
WorkloadActual  23: 1 op, 301319100.00 ns, 301.3191 ms/op
WorkloadActual  24: 1 op, 292284100.00 ns, 292.2841 ms/op
WorkloadActual  25: 1 op, 290217500.00 ns, 290.2175 ms/op
WorkloadActual  26: 1 op, 288704900.00 ns, 288.7049 ms/op
WorkloadActual  27: 1 op, 289469800.00 ns, 289.4698 ms/op
WorkloadActual  28: 1 op, 294242500.00 ns, 294.2425 ms/op
WorkloadActual  29: 1 op, 287488400.00 ns, 287.4884 ms/op
WorkloadActual  30: 1 op, 287124800.00 ns, 287.1248 ms/op
WorkloadActual  31: 1 op, 298556800.00 ns, 298.5568 ms/op
WorkloadActual  32: 1 op, 289354300.00 ns, 289.3543 ms/op
WorkloadActual  33: 1 op, 284536300.00 ns, 284.5363 ms/op
WorkloadActual  34: 1 op, 277103100.00 ns, 277.1031 ms/op
WorkloadActual  35: 1 op, 287711200.00 ns, 287.7112 ms/op
WorkloadActual  36: 1 op, 286678500.00 ns, 286.6785 ms/op
WorkloadActual  37: 1 op, 286457800.00 ns, 286.4578 ms/op

// AfterActualRun
WorkloadResult   1: 1 op, 313420000.00 ns, 313.4200 ms/op
WorkloadResult   2: 1 op, 288197800.00 ns, 288.1978 ms/op
WorkloadResult   3: 1 op, 288909100.00 ns, 288.9091 ms/op
WorkloadResult   4: 1 op, 281225700.00 ns, 281.2257 ms/op
WorkloadResult   5: 1 op, 275294200.00 ns, 275.2942 ms/op
WorkloadResult   6: 1 op, 285111100.00 ns, 285.1111 ms/op
WorkloadResult   7: 1 op, 292459300.00 ns, 292.4593 ms/op
WorkloadResult   8: 1 op, 291055900.00 ns, 291.0559 ms/op
WorkloadResult   9: 1 op, 304230800.00 ns, 304.2308 ms/op
WorkloadResult  10: 1 op, 291716400.00 ns, 291.7164 ms/op
WorkloadResult  11: 1 op, 287731800.00 ns, 287.7318 ms/op
WorkloadResult  12: 1 op, 281067300.00 ns, 281.0673 ms/op
WorkloadResult  13: 1 op, 285770900.00 ns, 285.7709 ms/op
WorkloadResult  14: 1 op, 287541400.00 ns, 287.5414 ms/op
WorkloadResult  15: 1 op, 286739400.00 ns, 286.7394 ms/op
WorkloadResult  16: 1 op, 308915500.00 ns, 308.9155 ms/op
WorkloadResult  17: 1 op, 313514600.00 ns, 313.5146 ms/op
WorkloadResult  18: 1 op, 285767500.00 ns, 285.7675 ms/op
WorkloadResult  19: 1 op, 301319100.00 ns, 301.3191 ms/op
WorkloadResult  20: 1 op, 292284100.00 ns, 292.2841 ms/op
WorkloadResult  21: 1 op, 290217500.00 ns, 290.2175 ms/op
WorkloadResult  22: 1 op, 288704900.00 ns, 288.7049 ms/op
WorkloadResult  23: 1 op, 289469800.00 ns, 289.4698 ms/op
WorkloadResult  24: 1 op, 294242500.00 ns, 294.2425 ms/op
WorkloadResult  25: 1 op, 287488400.00 ns, 287.4884 ms/op
WorkloadResult  26: 1 op, 287124800.00 ns, 287.1248 ms/op
WorkloadResult  27: 1 op, 298556800.00 ns, 298.5568 ms/op
WorkloadResult  28: 1 op, 289354300.00 ns, 289.3543 ms/op
WorkloadResult  29: 1 op, 284536300.00 ns, 284.5363 ms/op
WorkloadResult  30: 1 op, 277103100.00 ns, 277.1031 ms/op
WorkloadResult  31: 1 op, 287711200.00 ns, 287.7112 ms/op
WorkloadResult  32: 1 op, 286678500.00 ns, 286.6785 ms/op
WorkloadResult  33: 1 op, 286457800.00 ns, 286.4578 ms/op
// GC:  14 7 1 80536864 1
// Threading:  0 0 1

// AfterAll
// Benchmark Process 17412 has exited with code 0.

Mean = 290.604 ms, StdErr = 1.565 ms (0.54%), N = 33, StdDev = 8.989 ms
Min = 275.294 ms, Q1 = 286.458 ms, Median = 288.198 ms, Q3 = 292.284 ms, Max = 313.515 ms
IQR = 5.826 ms, LowerFence = 277.718 ms, UpperFence = 301.024 ms
ConfidenceInterval = [284.937 ms; 296.271 ms] (CI 99.9%), Margin = 5.667 ms (1.95% of Mean)
Skewness = 1.07, Kurtosis = 3.81, MValue = 2

// ** Remained 1 (50,0 %) benchmark(s) to run. Estimated finish 2026-04-01 1:42 (0h 0m from now) **
Setup power plan (GUID: 8c5e7fda-e8bf-4a96-9a85-a6e23a8c635c FriendlyName: Высокая производительность)
// **************************
// Benchmark: MessageLoadBenchmark.LoadAsStream: DefaultJob
// *** Execute ***
// Launch: 1 / 1
// Execute: dotnet TelegramBenchmarks-DefaultJob-1.dll --anonymousPipes 2956 2816 --benchmarkName TelegramBenchmarks.MessageLoadBenchmark.LoadAsStream --job Default --benchmarkId 1 in B:\GitHub\TelegramClientServer\TelegramBenchmarks\bin\Release\net8.0\TelegramBenchmarks-DefaultJob-1\bin\Release\net8.0
// BeforeAnythingElse

// Benchmark Process Environment Information:
// BenchmarkDotNet v0.15.8
// Runtime=.NET 8.0.25 (8.0.25, 8.0.2526.11203), X64 RyuJIT x86-64-v3
// GC=Concurrent Workstation
// HardwareIntrinsics=AVX2+BMI1+BMI2+F16C+FMA+LZCNT+MOVBE,AVX,SSE3+SSSE3+SSE4.1+SSE4.2+POPCNT,X86Base+SSE+SSE2,AES+PCLMUL VectorSize=256
// Job: DefaultJob

OverheadJitting  1: 1 op, 105200.00 ns, 105.2000 us/op
WorkloadJitting  1: 1 op, 2183163100.00 ns, 2.1832 s/op

OverheadJitting  2: 1 op, 1800.00 ns, 1.8000 us/op
WorkloadJitting  2: 1 op, 664374000.00 ns, 664.3740 ms/op

WorkloadWarmup   1: 1 op, 361907100.00 ns, 361.9071 ms/op
WorkloadWarmup   2: 1 op, 324345400.00 ns, 324.3454 ms/op
WorkloadWarmup   3: 1 op, 292722600.00 ns, 292.7226 ms/op
WorkloadWarmup   4: 1 op, 289559100.00 ns, 289.5591 ms/op
WorkloadWarmup   5: 1 op, 280786100.00 ns, 280.7861 ms/op
WorkloadWarmup   6: 1 op, 293623100.00 ns, 293.6231 ms/op
WorkloadWarmup   7: 1 op, 288886200.00 ns, 288.8862 ms/op
WorkloadWarmup   8: 1 op, 287272000.00 ns, 287.2720 ms/op
WorkloadWarmup   9: 1 op, 276857200.00 ns, 276.8572 ms/op
WorkloadWarmup  10: 1 op, 286271900.00 ns, 286.2719 ms/op
WorkloadWarmup  11: 1 op, 280159400.00 ns, 280.1594 ms/op

// BeforeActualRun
WorkloadActual   1: 1 op, 290102100.00 ns, 290.1021 ms/op
WorkloadActual   2: 1 op, 278740800.00 ns, 278.7408 ms/op
WorkloadActual   3: 1 op, 284343200.00 ns, 284.3432 ms/op
WorkloadActual   4: 1 op, 279328700.00 ns, 279.3287 ms/op
WorkloadActual   5: 1 op, 286242200.00 ns, 286.2422 ms/op
WorkloadActual   6: 1 op, 277065500.00 ns, 277.0655 ms/op
WorkloadActual   7: 1 op, 289898900.00 ns, 289.8989 ms/op
WorkloadActual   8: 1 op, 281423100.00 ns, 281.4231 ms/op
WorkloadActual   9: 1 op, 276004400.00 ns, 276.0044 ms/op
WorkloadActual  10: 1 op, 276668500.00 ns, 276.6685 ms/op
WorkloadActual  11: 1 op, 285238400.00 ns, 285.2384 ms/op
WorkloadActual  12: 1 op, 282728300.00 ns, 282.7283 ms/op
WorkloadActual  13: 1 op, 278598300.00 ns, 278.5983 ms/op
WorkloadActual  14: 1 op, 279064200.00 ns, 279.0642 ms/op
WorkloadActual  15: 1 op, 286410200.00 ns, 286.4102 ms/op

// AfterActualRun
WorkloadResult   1: 1 op, 290102100.00 ns, 290.1021 ms/op
WorkloadResult   2: 1 op, 278740800.00 ns, 278.7408 ms/op
WorkloadResult   3: 1 op, 284343200.00 ns, 284.3432 ms/op
WorkloadResult   4: 1 op, 279328700.00 ns, 279.3287 ms/op
WorkloadResult   5: 1 op, 286242200.00 ns, 286.2422 ms/op
WorkloadResult   6: 1 op, 277065500.00 ns, 277.0655 ms/op
WorkloadResult   7: 1 op, 289898900.00 ns, 289.8989 ms/op
WorkloadResult   8: 1 op, 281423100.00 ns, 281.4231 ms/op
WorkloadResult   9: 1 op, 276004400.00 ns, 276.0044 ms/op
WorkloadResult  10: 1 op, 276668500.00 ns, 276.6685 ms/op
WorkloadResult  11: 1 op, 285238400.00 ns, 285.2384 ms/op
WorkloadResult  12: 1 op, 282728300.00 ns, 282.7283 ms/op
WorkloadResult  13: 1 op, 278598300.00 ns, 278.5983 ms/op
WorkloadResult  14: 1 op, 279064200.00 ns, 279.0642 ms/op
WorkloadResult  15: 1 op, 286410200.00 ns, 286.4102 ms/op
// GC:  13 7 1 80156032 1
// Threading:  0 0 1

// AfterAll
// Benchmark Process 26452 has exited with code 0.

Mean = 282.124 ms, StdErr = 1.213 ms (0.43%), N = 15, StdDev = 4.696 ms
Min = 276.004 ms, Q1 = 278.670 ms, Median = 281.423 ms, Q3 = 285.740 ms, Max = 290.102 ms
IQR = 7.071 ms, LowerFence = 268.063 ms, UpperFence = 296.346 ms
ConfidenceInterval = [277.103 ms; 287.144 ms] (CI 99.9%), Margin = 5.021 ms (1.78% of Mean)
Skewness = 0.33, Kurtosis = 1.62, MValue = 2

// ** Remained 0 (0,0 %) benchmark(s) to run. Estimated finish 2026-04-01 1:42 (0h 0m from now) **
Successfully reverted power plan (GUID: 8c5e7fda-e8bf-4a96-9a85-a6e23a8c635c FriendlyName: Высокая производительность)
// ***** BenchmarkRunner: Finish  *****

// * Export *
  BenchmarkDotNet.Artifacts\results\TelegramBenchmarks.MessageLoadBenchmark-report.csv
  BenchmarkDotNet.Artifacts\results\TelegramBenchmarks.MessageLoadBenchmark-report-github.md
  BenchmarkDotNet.Artifacts\results\TelegramBenchmarks.MessageLoadBenchmark-report.html

// * Detailed results *
MessageLoadBenchmark.LoadAsList: DefaultJob
Runtime = .NET 8.0.25 (8.0.25, 8.0.2526.11203), X64 RyuJIT x86-64-v3; GC = Concurrent Workstation
Mean = 290.604 ms, StdErr = 1.565 ms (0.54%), N = 33, StdDev = 8.989 ms
Min = 275.294 ms, Q1 = 286.458 ms, Median = 288.198 ms, Q3 = 292.284 ms, Max = 313.515 ms
IQR = 5.826 ms, LowerFence = 277.718 ms, UpperFence = 301.024 ms
ConfidenceInterval = [284.937 ms; 296.271 ms] (CI 99.9%), Margin = 5.667 ms (1.95% of Mean)
Skewness = 1.07, Kurtosis = 3.81, MValue = 2
-------------------- Histogram --------------------
[274.582 ms ; 281.938 ms) | @@@@
[281.938 ms ; 292.463 ms) | @@@@@@@@@@@@@@@@@@@@@@
[292.463 ms ; 305.072 ms) | @@@@
[305.072 ms ; 314.893 ms) | @@@
---------------------------------------------------

MessageLoadBenchmark.LoadAsStream: DefaultJob
Runtime = .NET 8.0.25 (8.0.25, 8.0.2526.11203), X64 RyuJIT x86-64-v3; GC = Concurrent Workstation
Mean = 282.124 ms, StdErr = 1.213 ms (0.43%), N = 15, StdDev = 4.696 ms
Min = 276.004 ms, Q1 = 278.670 ms, Median = 281.423 ms, Q3 = 285.740 ms, Max = 290.102 ms
IQR = 7.071 ms, LowerFence = 268.063 ms, UpperFence = 296.346 ms
ConfidenceInterval = [277.103 ms; 287.144 ms] (CI 99.9%), Margin = 5.021 ms (1.78% of Mean)
Skewness = 0.33, Kurtosis = 1.62, MValue = 2
-------------------- Histogram --------------------
[274.890 ms ; 281.077 ms) | @@@@@@@
[281.077 ms ; 292.601 ms) | @@@@@@@@
---------------------------------------------------

// * Summary *

BenchmarkDotNet v0.15.8, Windows 11 (10.0.26200.7623/25H2/2025Update/HudsonValley2)
AMD Ryzen 5 5500U with Radeon Graphics 2.10GHz, 1 CPU, 12 logical and 6 physical cores
.NET SDK 8.0.419
  [Host]     : .NET 8.0.25 (8.0.25, 8.0.2526.11203), X64 RyuJIT x86-64-v3
  DefaultJob : .NET 8.0.25 (8.0.25, 8.0.2526.11203), X64 RyuJIT x86-64-v3


| Method       | Mean     | Error   | StdDev  | Gen0       | Gen1      | Gen2      | Allocated |
|------------- |---------:|--------:|--------:|-----------:|----------:|----------:|----------:|
| LoadAsList   | 290.6 ms | 5.67 ms | 8.99 ms | 14000.0000 | 7000.0000 | 1000.0000 |  76.81 MB |
| LoadAsStream | 282.1 ms | 5.02 ms | 4.70 ms | 13000.0000 | 7000.0000 | 1000.0000 |  76.44 MB |

// * Hints *
Outliers
  MessageLoadBenchmark.LoadAsList: Default -> 4 outliers were removed (349.56 ms..3.99 s)

// * Legends *
  Mean      : Arithmetic mean of all measurements
  Error     : Half of 99.9% confidence interval
  StdDev    : Standard deviation of all measurements
  Gen0      : GC Generation 0 collects per 1000 operations
  Gen1      : GC Generation 1 collects per 1000 operations
  Gen2      : GC Generation 2 collects per 1000 operations
  Allocated : Allocated memory per single operation (managed only, inclusive, 1KB = 1024B)
  1 ms      : 1 Millisecond (0.001 sec)

// * Diagnostic Output - MemoryDiagnoser *


// ***** BenchmarkRunner: End *****
Run time: 00:00:36 (36.7 sec), executed benchmarks: 2

Global total time: 00:00:53 (53.68 sec), executed benchmarks: 2
// * Artifacts cleanup *
Artifacts cleanup is finished
