// Validating benchmarks:
// ***** BenchmarkRunner: Start   *****
// ***** Found 2 benchmark(s) in total *****
// ***** Building 1 exe(s) in Parallel: Start   *****
// start dotnet  restore --nodeReuse:false /p:UseSharedCompilation=false /p:Deterministic=true /p:Optimize=true /p:ArtifactsPath="B:\GitHub\TelegramClientServer\TelegramBenchmarks\bin\Release\net8.0\TelegramBenchmarks-DefaultJob-1/" /p:OutDir="B:\GitHub\TelegramClientServer\TelegramBenchmarks\bin\Release\net8.0\TelegramBenchmarks-DefaultJob-1\bin\Release\net8.0/" /p:OutputPath="B:\GitHub\TelegramClientServer\TelegramBenchmarks\bin\Release\net8.0\TelegramBenchmarks-DefaultJob-1\bin\Release\net8.0/" /p:PublishDir="B:\GitHub\TelegramClientServer\TelegramBenchmarks\bin\Release\net8.0\TelegramBenchmarks-DefaultJob-1\publish/" in B:\GitHub\TelegramClientServer\TelegramBenchmarks\bin\Release\net8.0\TelegramBenchmarks-DefaultJob-1
// command took 4.49 sec and exited with 0
// start dotnet  build -c Release --no-restore --nodeReuse:false /p:UseSharedCompilation=false /p:Deterministic=true /p:Optimize=true /p:ArtifactsPath="B:\GitHub\TelegramClientServer\TelegramBenchmarks\bin\Release\net8.0\TelegramBenchmarks-DefaultJob-1/" /p:OutDir="B:\GitHub\TelegramClientServer\TelegramBenchmarks\bin\Release\net8.0\TelegramBenchmarks-DefaultJob-1\bin\Release\net8.0/" /p:OutputPath="B:\GitHub\TelegramClientServer\TelegramBenchmarks\bin\Release\net8.0\TelegramBenchmarks-DefaultJob-1\bin\Release\net8.0/" /p:PublishDir="B:\GitHub\TelegramClientServer\TelegramBenchmarks\bin\Release\net8.0\TelegramBenchmarks-DefaultJob-1\publish/" --output "B:\GitHub\TelegramClientServer\TelegramBenchmarks\bin\Release\net8.0\TelegramBenchmarks-DefaultJob-1\bin\Release\net8.0/" in B:\GitHub\TelegramClientServer\TelegramBenchmarks\bin\Release\net8.0\TelegramBenchmarks-DefaultJob-1
// command took 12.92 sec and exited with 0
// ***** Done, took 00:00:17 (17.65 sec)   *****
// Found 2 benchmarks:
//   MessageLoadBenchmark.LoadAsList: DefaultJob
//   MessageLoadBenchmark.LoadAsStream: DefaultJob

Setup power plan (GUID: 8c5e7fda-e8bf-4a96-9a85-a6e23a8c635c FriendlyName: Высокая производительность)
// **************************
// Benchmark: MessageLoadBenchmark.LoadAsList: DefaultJob
// *** Execute ***
// Launch: 1 / 1
// Execute: dotnet TelegramBenchmarks-DefaultJob-1.dll --anonymousPipes 1156 1188 --benchmarkName TelegramBenchmarks.MessageLoadBenchmark.LoadAsList --job Default --benchmarkId 0 in B:\GitHub\TelegramClientServer\TelegramBenchmarks\bin\Release\net8.0\TelegramBenchmarks-DefaultJob-1\bin\Release\net8.0
// BeforeAnythingElse

// Benchmark Process Environment Information:
// BenchmarkDotNet v0.15.8
// Runtime=.NET 8.0.25 (8.0.25, 8.0.2526.11203), X64 RyuJIT x86-64-v3
// GC=Concurrent Workstation
// HardwareIntrinsics=AVX2+BMI1+BMI2+F16C+FMA+LZCNT+MOVBE,AVX,SSE3+SSSE3+SSE4.1+SSE4.2+POPCNT,X86Base+SSE+SSE2,AES+PCLMUL VectorSize=256
// Job: DefaultJob

OverheadJitting  1: 1 op, 179200.00 ns, 179.2000 us/op
WorkloadJitting  1: 1 op, 3405801600.00 ns, 3.4058 s/op

OverheadJitting  2: 1 op, 1700.00 ns, 1.7000 us/op
WorkloadJitting  2: 1 op, 779457400.00 ns, 779.4574 ms/op

WorkloadWarmup   1: 1 op, 589252300.00 ns, 589.2523 ms/op
WorkloadWarmup   2: 1 op, 325529200.00 ns, 325.5292 ms/op
WorkloadWarmup   3: 1 op, 334236900.00 ns, 334.2369 ms/op
WorkloadWarmup   4: 1 op, 338871400.00 ns, 338.8714 ms/op
WorkloadWarmup   5: 1 op, 349675900.00 ns, 349.6759 ms/op
WorkloadWarmup   6: 1 op, 379261900.00 ns, 379.2619 ms/op
WorkloadWarmup   7: 1 op, 323686900.00 ns, 323.6869 ms/op
WorkloadWarmup   8: 1 op, 335995600.00 ns, 335.9956 ms/op
WorkloadWarmup   9: 1 op, 312808900.00 ns, 312.8089 ms/op

// BeforeActualRun
WorkloadActual   1: 1 op, 324316700.00 ns, 324.3167 ms/op
WorkloadActual   2: 1 op, 331492000.00 ns, 331.4920 ms/op
WorkloadActual   3: 1 op, 332216700.00 ns, 332.2167 ms/op
WorkloadActual   4: 1 op, 313487400.00 ns, 313.4874 ms/op
WorkloadActual   5: 1 op, 313130800.00 ns, 313.1308 ms/op
WorkloadActual   6: 1 op, 328804800.00 ns, 328.8048 ms/op
WorkloadActual   7: 1 op, 316375200.00 ns, 316.3752 ms/op
WorkloadActual   8: 1 op, 327826200.00 ns, 327.8262 ms/op
WorkloadActual   9: 1 op, 344877700.00 ns, 344.8777 ms/op
WorkloadActual  10: 1 op, 323959200.00 ns, 323.9592 ms/op
WorkloadActual  11: 1 op, 323566900.00 ns, 323.5669 ms/op
WorkloadActual  12: 1 op, 338120600.00 ns, 338.1206 ms/op
WorkloadActual  13: 1 op, 337449100.00 ns, 337.4491 ms/op
WorkloadActual  14: 1 op, 332948600.00 ns, 332.9486 ms/op
WorkloadActual  15: 1 op, 343095200.00 ns, 343.0952 ms/op
WorkloadActual  16: 1 op, 349667900.00 ns, 349.6679 ms/op
WorkloadActual  17: 1 op, 330897400.00 ns, 330.8974 ms/op
WorkloadActual  18: 1 op, 322090100.00 ns, 322.0901 ms/op
WorkloadActual  19: 1 op, 334262800.00 ns, 334.2628 ms/op
WorkloadActual  20: 1 op, 339370600.00 ns, 339.3706 ms/op
WorkloadActual  21: 1 op, 341651500.00 ns, 341.6515 ms/op
WorkloadActual  22: 1 op, 315355200.00 ns, 315.3552 ms/op
WorkloadActual  23: 1 op, 328238500.00 ns, 328.2385 ms/op
WorkloadActual  24: 1 op, 318725200.00 ns, 318.7252 ms/op
WorkloadActual  25: 1 op, 298510800.00 ns, 298.5108 ms/op
WorkloadActual  26: 1 op, 336427800.00 ns, 336.4278 ms/op
WorkloadActual  27: 1 op, 325930300.00 ns, 325.9303 ms/op
WorkloadActual  28: 1 op, 318289800.00 ns, 318.2898 ms/op
WorkloadActual  29: 1 op, 320623500.00 ns, 320.6235 ms/op
WorkloadActual  30: 1 op, 318911200.00 ns, 318.9112 ms/op
WorkloadActual  31: 1 op, 330796600.00 ns, 330.7966 ms/op
WorkloadActual  32: 1 op, 319110200.00 ns, 319.1102 ms/op
WorkloadActual  33: 1 op, 313810700.00 ns, 313.8107 ms/op
WorkloadActual  34: 1 op, 312204600.00 ns, 312.2046 ms/op
WorkloadActual  35: 1 op, 306279400.00 ns, 306.2794 ms/op
WorkloadActual  36: 1 op, 320832500.00 ns, 320.8325 ms/op
WorkloadActual  37: 1 op, 326903500.00 ns, 326.9035 ms/op
WorkloadActual  38: 1 op, 324464000.00 ns, 324.4640 ms/op

// AfterActualRun
WorkloadResult   1: 1 op, 324316700.00 ns, 324.3167 ms/op
WorkloadResult   2: 1 op, 331492000.00 ns, 331.4920 ms/op
WorkloadResult   3: 1 op, 332216700.00 ns, 332.2167 ms/op
WorkloadResult   4: 1 op, 313487400.00 ns, 313.4874 ms/op
WorkloadResult   5: 1 op, 313130800.00 ns, 313.1308 ms/op
WorkloadResult   6: 1 op, 328804800.00 ns, 328.8048 ms/op
WorkloadResult   7: 1 op, 316375200.00 ns, 316.3752 ms/op
WorkloadResult   8: 1 op, 327826200.00 ns, 327.8262 ms/op
WorkloadResult   9: 1 op, 344877700.00 ns, 344.8777 ms/op
WorkloadResult  10: 1 op, 323959200.00 ns, 323.9592 ms/op
WorkloadResult  11: 1 op, 323566900.00 ns, 323.5669 ms/op
WorkloadResult  12: 1 op, 338120600.00 ns, 338.1206 ms/op
WorkloadResult  13: 1 op, 337449100.00 ns, 337.4491 ms/op
WorkloadResult  14: 1 op, 332948600.00 ns, 332.9486 ms/op
WorkloadResult  15: 1 op, 343095200.00 ns, 343.0952 ms/op
WorkloadResult  16: 1 op, 349667900.00 ns, 349.6679 ms/op
WorkloadResult  17: 1 op, 330897400.00 ns, 330.8974 ms/op
WorkloadResult  18: 1 op, 322090100.00 ns, 322.0901 ms/op
WorkloadResult  19: 1 op, 334262800.00 ns, 334.2628 ms/op
WorkloadResult  20: 1 op, 339370600.00 ns, 339.3706 ms/op
WorkloadResult  21: 1 op, 341651500.00 ns, 341.6515 ms/op
WorkloadResult  22: 1 op, 315355200.00 ns, 315.3552 ms/op
WorkloadResult  23: 1 op, 328238500.00 ns, 328.2385 ms/op
WorkloadResult  24: 1 op, 318725200.00 ns, 318.7252 ms/op
WorkloadResult  25: 1 op, 298510800.00 ns, 298.5108 ms/op
WorkloadResult  26: 1 op, 336427800.00 ns, 336.4278 ms/op
WorkloadResult  27: 1 op, 325930300.00 ns, 325.9303 ms/op
WorkloadResult  28: 1 op, 318289800.00 ns, 318.2898 ms/op
WorkloadResult  29: 1 op, 320623500.00 ns, 320.6235 ms/op
WorkloadResult  30: 1 op, 318911200.00 ns, 318.9112 ms/op
WorkloadResult  31: 1 op, 330796600.00 ns, 330.7966 ms/op
WorkloadResult  32: 1 op, 319110200.00 ns, 319.1102 ms/op
WorkloadResult  33: 1 op, 313810700.00 ns, 313.8107 ms/op
WorkloadResult  34: 1 op, 312204600.00 ns, 312.2046 ms/op
WorkloadResult  35: 1 op, 306279400.00 ns, 306.2794 ms/op
WorkloadResult  36: 1 op, 320832500.00 ns, 320.8325 ms/op
WorkloadResult  37: 1 op, 326903500.00 ns, 326.9035 ms/op
WorkloadResult  38: 1 op, 324464000.00 ns, 324.4640 ms/op
// GC:  13 7 1 80535728 1
// Threading:  0 0 1

// AfterAll
// Benchmark Process 24356 has exited with code 0.

Mean = 325.922 ms, StdErr = 1.804 ms (0.55%), N = 38, StdDev = 11.121 ms
Min = 298.511 ms, Q1 = 318.772 ms, Median = 325.197 ms, Q3 = 332.766 ms, Max = 349.668 ms
IQR = 13.994 ms, LowerFence = 297.781 ms, UpperFence = 353.757 ms
ConfidenceInterval = [319.474 ms; 332.369 ms] (CI 99.9%), Margin = 6.447 ms (1.98% of Mean)
Skewness = -0.05, Kurtosis = 2.66, MValue = 2

// ** Remained 1 (50,0 %) benchmark(s) to run. Estimated finish 2026-04-01 17:08 (0h 0m from now) **
Setup power plan (GUID: 8c5e7fda-e8bf-4a96-9a85-a6e23a8c635c FriendlyName: Высокая производительность)
// **************************
// Benchmark: MessageLoadBenchmark.LoadAsStream: DefaultJob
// *** Execute ***
// Launch: 1 / 1
// Execute: dotnet TelegramBenchmarks-DefaultJob-1.dll --anonymousPipes 1920 1916 --benchmarkName TelegramBenchmarks.MessageLoadBenchmark.LoadAsStream --job Default --benchmarkId 1 in B:\GitHub\TelegramClientServer\TelegramBenchmarks\bin\Release\net8.0\TelegramBenchmarks-DefaultJob-1\bin\Release\net8.0
// BeforeAnythingElse

// Benchmark Process Environment Information:
// BenchmarkDotNet v0.15.8
// Runtime=.NET 8.0.25 (8.0.25, 8.0.2526.11203), X64 RyuJIT x86-64-v3
// GC=Concurrent Workstation
// HardwareIntrinsics=AVX2+BMI1+BMI2+F16C+FMA+LZCNT+MOVBE,AVX,SSE3+SSSE3+SSE4.1+SSE4.2+POPCNT,X86Base+SSE+SSE2,AES+PCLMUL VectorSize=256
// Job: DefaultJob

OverheadJitting  1: 1 op, 114700.00 ns, 114.7000 us/op
WorkloadJitting  1: 1 op, 2356250200.00 ns, 2.3563 s/op

OverheadJitting  2: 1 op, 1400.00 ns, 1.4000 us/op
WorkloadJitting  2: 1 op, 618608900.00 ns, 618.6089 ms/op

WorkloadWarmup   1: 1 op, 380556900.00 ns, 380.5569 ms/op
WorkloadWarmup   2: 1 op, 311956100.00 ns, 311.9561 ms/op
WorkloadWarmup   3: 1 op, 303563700.00 ns, 303.5637 ms/op
WorkloadWarmup   4: 1 op, 312811700.00 ns, 312.8117 ms/op
WorkloadWarmup   5: 1 op, 302588000.00 ns, 302.5880 ms/op
WorkloadWarmup   6: 1 op, 313000000.00 ns, 313.0000 ms/op
WorkloadWarmup   7: 1 op, 314426200.00 ns, 314.4262 ms/op
WorkloadWarmup   8: 1 op, 302830700.00 ns, 302.8307 ms/op

// BeforeActualRun
WorkloadActual   1: 1 op, 316858200.00 ns, 316.8582 ms/op
WorkloadActual   2: 1 op, 307983800.00 ns, 307.9838 ms/op
WorkloadActual   3: 1 op, 313858000.00 ns, 313.8580 ms/op
WorkloadActual   4: 1 op, 320944300.00 ns, 320.9443 ms/op
WorkloadActual   5: 1 op, 306812600.00 ns, 306.8126 ms/op
WorkloadActual   6: 1 op, 319342600.00 ns, 319.3426 ms/op
WorkloadActual   7: 1 op, 322218700.00 ns, 322.2187 ms/op
WorkloadActual   8: 1 op, 312988900.00 ns, 312.9889 ms/op
WorkloadActual   9: 1 op, 320402400.00 ns, 320.4024 ms/op
WorkloadActual  10: 1 op, 344579200.00 ns, 344.5792 ms/op
WorkloadActual  11: 1 op, 395570600.00 ns, 395.5706 ms/op
WorkloadActual  12: 1 op, 383933000.00 ns, 383.9330 ms/op
WorkloadActual  13: 1 op, 398755800.00 ns, 398.7558 ms/op
WorkloadActual  14: 1 op, 394477600.00 ns, 394.4776 ms/op
WorkloadActual  15: 1 op, 367810200.00 ns, 367.8102 ms/op
WorkloadActual  16: 1 op, 378640700.00 ns, 378.6407 ms/op
WorkloadActual  17: 1 op, 353207300.00 ns, 353.2073 ms/op
WorkloadActual  18: 1 op, 338388300.00 ns, 338.3883 ms/op
WorkloadActual  19: 1 op, 377513500.00 ns, 377.5135 ms/op
WorkloadActual  20: 1 op, 305631200.00 ns, 305.6312 ms/op
WorkloadActual  21: 1 op, 373028600.00 ns, 373.0286 ms/op
WorkloadActual  22: 1 op, 326829600.00 ns, 326.8296 ms/op
WorkloadActual  23: 1 op, 311805300.00 ns, 311.8053 ms/op
WorkloadActual  24: 1 op, 307072800.00 ns, 307.0728 ms/op
WorkloadActual  25: 1 op, 310411900.00 ns, 310.4119 ms/op
WorkloadActual  26: 1 op, 344707600.00 ns, 344.7076 ms/op
WorkloadActual  27: 1 op, 311903000.00 ns, 311.9030 ms/op
WorkloadActual  28: 1 op, 305038200.00 ns, 305.0382 ms/op
WorkloadActual  29: 1 op, 302042600.00 ns, 302.0426 ms/op
WorkloadActual  30: 1 op, 316559900.00 ns, 316.5599 ms/op
WorkloadActual  31: 1 op, 311417000.00 ns, 311.4170 ms/op
WorkloadActual  32: 1 op, 294278800.00 ns, 294.2788 ms/op
WorkloadActual  33: 1 op, 307149800.00 ns, 307.1498 ms/op
WorkloadActual  34: 1 op, 312130800.00 ns, 312.1308 ms/op
WorkloadActual  35: 1 op, 308019800.00 ns, 308.0198 ms/op
WorkloadActual  36: 1 op, 304301100.00 ns, 304.3011 ms/op
WorkloadActual  37: 1 op, 305960900.00 ns, 305.9609 ms/op
WorkloadActual  38: 1 op, 314965500.00 ns, 314.9655 ms/op
WorkloadActual  39: 1 op, 314450400.00 ns, 314.4504 ms/op
WorkloadActual  40: 1 op, 303240200.00 ns, 303.2402 ms/op
WorkloadActual  41: 1 op, 302479000.00 ns, 302.4790 ms/op
WorkloadActual  42: 1 op, 312307000.00 ns, 312.3070 ms/op
WorkloadActual  43: 1 op, 315091300.00 ns, 315.0913 ms/op
WorkloadActual  44: 1 op, 315424200.00 ns, 315.4242 ms/op
WorkloadActual  45: 1 op, 314117300.00 ns, 314.1173 ms/op
WorkloadActual  46: 1 op, 308872100.00 ns, 308.8721 ms/op
WorkloadActual  47: 1 op, 321234600.00 ns, 321.2346 ms/op
WorkloadActual  48: 1 op, 313584700.00 ns, 313.5847 ms/op
WorkloadActual  49: 1 op, 300394900.00 ns, 300.3949 ms/op
WorkloadActual  50: 1 op, 308509600.00 ns, 308.5096 ms/op
WorkloadActual  51: 1 op, 300210700.00 ns, 300.2107 ms/op

// AfterActualRun
WorkloadResult   1: 1 op, 316858200.00 ns, 316.8582 ms/op
WorkloadResult   2: 1 op, 307983800.00 ns, 307.9838 ms/op
WorkloadResult   3: 1 op, 313858000.00 ns, 313.8580 ms/op
WorkloadResult   4: 1 op, 320944300.00 ns, 320.9443 ms/op
WorkloadResult   5: 1 op, 306812600.00 ns, 306.8126 ms/op
WorkloadResult   6: 1 op, 319342600.00 ns, 319.3426 ms/op
WorkloadResult   7: 1 op, 322218700.00 ns, 322.2187 ms/op
WorkloadResult   8: 1 op, 312988900.00 ns, 312.9889 ms/op
WorkloadResult   9: 1 op, 320402400.00 ns, 320.4024 ms/op
WorkloadResult  10: 1 op, 344579200.00 ns, 344.5792 ms/op
WorkloadResult  11: 1 op, 338388300.00 ns, 338.3883 ms/op
WorkloadResult  12: 1 op, 305631200.00 ns, 305.6312 ms/op
WorkloadResult  13: 1 op, 326829600.00 ns, 326.8296 ms/op
WorkloadResult  14: 1 op, 311805300.00 ns, 311.8053 ms/op
WorkloadResult  15: 1 op, 307072800.00 ns, 307.0728 ms/op
WorkloadResult  16: 1 op, 310411900.00 ns, 310.4119 ms/op
WorkloadResult  17: 1 op, 344707600.00 ns, 344.7076 ms/op
WorkloadResult  18: 1 op, 311903000.00 ns, 311.9030 ms/op
WorkloadResult  19: 1 op, 305038200.00 ns, 305.0382 ms/op
WorkloadResult  20: 1 op, 302042600.00 ns, 302.0426 ms/op
WorkloadResult  21: 1 op, 316559900.00 ns, 316.5599 ms/op
WorkloadResult  22: 1 op, 311417000.00 ns, 311.4170 ms/op
WorkloadResult  23: 1 op, 294278800.00 ns, 294.2788 ms/op
WorkloadResult  24: 1 op, 307149800.00 ns, 307.1498 ms/op
WorkloadResult  25: 1 op, 312130800.00 ns, 312.1308 ms/op
WorkloadResult  26: 1 op, 308019800.00 ns, 308.0198 ms/op
WorkloadResult  27: 1 op, 304301100.00 ns, 304.3011 ms/op
WorkloadResult  28: 1 op, 305960900.00 ns, 305.9609 ms/op
WorkloadResult  29: 1 op, 314965500.00 ns, 314.9655 ms/op
WorkloadResult  30: 1 op, 314450400.00 ns, 314.4504 ms/op
WorkloadResult  31: 1 op, 303240200.00 ns, 303.2402 ms/op
WorkloadResult  32: 1 op, 302479000.00 ns, 302.4790 ms/op
WorkloadResult  33: 1 op, 312307000.00 ns, 312.3070 ms/op
WorkloadResult  34: 1 op, 315091300.00 ns, 315.0913 ms/op
WorkloadResult  35: 1 op, 315424200.00 ns, 315.4242 ms/op
WorkloadResult  36: 1 op, 314117300.00 ns, 314.1173 ms/op
WorkloadResult  37: 1 op, 308872100.00 ns, 308.8721 ms/op
WorkloadResult  38: 1 op, 321234600.00 ns, 321.2346 ms/op
WorkloadResult  39: 1 op, 313584700.00 ns, 313.5847 ms/op
WorkloadResult  40: 1 op, 300394900.00 ns, 300.3949 ms/op
WorkloadResult  41: 1 op, 308509600.00 ns, 308.5096 ms/op
WorkloadResult  42: 1 op, 300210700.00 ns, 300.2107 ms/op
// GC:  14 7 1 80155248 1
// Threading:  0 0 1

// AfterAll
// Benchmark Process 43548 has exited with code 0.

Mean = 313.203 ms, StdErr = 1.642 ms (0.52%), N = 42, StdDev = 10.642 ms
Min = 294.279 ms, Q1 = 306.878 ms, Median = 312.017 ms, Q3 = 316.276 ms, Max = 344.708 ms
IQR = 9.398 ms, LowerFence = 292.780 ms, UpperFence = 330.373 ms
ConfidenceInterval = [307.383 ms; 319.023 ms] (CI 99.9%), Margin = 5.820 ms (1.86% of Mean)
Skewness = 1.29, Kurtosis = 4.93, MValue = 2

// ** Remained 0 (0,0 %) benchmark(s) to run. Estimated finish 2026-04-01 17:08 (0h 0m from now) **
Successfully reverted power plan (GUID: 8c5e7fda-e8bf-4a96-9a85-a6e23a8c635c FriendlyName: Высокая производительность)
// ***** BenchmarkRunner: Finish  *****

// * Export *
  BenchmarkDotNet.Artifacts\results\TelegramBenchmarks.MessageLoadBenchmark-report.csv
  BenchmarkDotNet.Artifacts\results\TelegramBenchmarks.MessageLoadBenchmark-report-github.md
  BenchmarkDotNet.Artifacts\results\TelegramBenchmarks.MessageLoadBenchmark-report.html

// * Detailed results *
MessageLoadBenchmark.LoadAsList: DefaultJob
Runtime = .NET 8.0.25 (8.0.25, 8.0.2526.11203), X64 RyuJIT x86-64-v3; GC = Concurrent Workstation
Mean = 325.922 ms, StdErr = 1.804 ms (0.55%), N = 38, StdDev = 11.121 ms
Min = 298.511 ms, Q1 = 318.772 ms, Median = 325.197 ms, Q3 = 332.766 ms, Max = 349.668 ms
IQR = 13.994 ms, LowerFence = 297.781 ms, UpperFence = 353.757 ms
ConfidenceInterval = [319.474 ms; 332.369 ms] (CI 99.9%), Margin = 6.447 ms (1.98% of Mean)
Skewness = -0.05, Kurtosis = 2.66, MValue = 2
-------------------- Histogram --------------------
[298.053 ms ; 306.737 ms) | @@
[306.737 ms ; 318.255 ms) | @@@@@@
[318.255 ms ; 326.938 ms) | @@@@@@@@@@@@@
[326.938 ms ; 339.425 ms) | @@@@@@@@@@@@@
[339.425 ms ; 350.001 ms) | @@@@
---------------------------------------------------

MessageLoadBenchmark.LoadAsStream: DefaultJob
Runtime = .NET 8.0.25 (8.0.25, 8.0.2526.11203), X64 RyuJIT x86-64-v3; GC = Concurrent Workstation
Mean = 313.203 ms, StdErr = 1.642 ms (0.52%), N = 42, StdDev = 10.642 ms
Min = 294.279 ms, Q1 = 306.878 ms, Median = 312.017 ms, Q3 = 316.276 ms, Max = 344.708 ms
IQR = 9.398 ms, LowerFence = 292.780 ms, UpperFence = 330.373 ms
ConfidenceInterval = [307.383 ms; 319.023 ms] (CI 99.9%), Margin = 5.820 ms (1.86% of Mean)
Skewness = 1.29, Kurtosis = 4.93, MValue = 2
-------------------- Histogram --------------------
[290.260 ms ; 299.493 ms) | @
[299.493 ms ; 307.064 ms) | @@@@@@@@@@
[307.064 ms ; 315.100 ms) | @@@@@@@@@@@@@@@@@@@
[315.100 ms ; 322.840 ms) | @@@@@@@@
[322.840 ms ; 330.848 ms) | @
[330.848 ms ; 337.530 ms) | 
[337.530 ms ; 345.566 ms) | @@@
---------------------------------------------------

// * Summary *

BenchmarkDotNet v0.15.8, Windows 11 (10.0.26200.7623/25H2/2025Update/HudsonValley2)
AMD Ryzen 5 5500U with Radeon Graphics 2.10GHz, 1 CPU, 12 logical and 6 physical cores
.NET SDK 8.0.419
  [Host]     : .NET 8.0.25 (8.0.25, 8.0.2526.11203), X64 RyuJIT x86-64-v3
  DefaultJob : .NET 8.0.25 (8.0.25, 8.0.2526.11203), X64 RyuJIT x86-64-v3


| Method       | Mean     | Error   | StdDev   | Gen0       | Gen1      | Gen2      | Allocated |
|------------- |---------:|--------:|---------:|-----------:|----------:|----------:|----------:|
| LoadAsList   | 325.9 ms | 6.45 ms | 11.12 ms | 13000.0000 | 7000.0000 | 1000.0000 |   76.8 MB |
| LoadAsStream | 313.2 ms | 5.82 ms | 10.64 ms | 14000.0000 | 7000.0000 | 1000.0000 |  76.44 MB |

// * Hints *
Outliers
  MessageLoadBenchmark.LoadAsStream: Default -> 9 outliers were removed (353.21 ms..398.76 ms)

// * Legends *
  Mean      : Arithmetic mean of all measurements
  Error     : Half of 99.9% confidence interval
  StdDev    : Standard deviation of all measurements
  Gen0      : GC Generation 0 collects per 1000 operations
  Gen1      : GC Generation 1 collects per 1000 operations
  Gen2      : GC Generation 2 collects per 1000 operations
  Allocated : Allocated memory per single operation (managed only, inclusive, 1KB = 1024B)
  1 ms      : 1 Millisecond (0.001 sec)

// * Diagnostic Output - MemoryDiagnoser *


// ***** BenchmarkRunner: End *****
Run time: 00:00:48 (48.78 sec), executed benchmarks: 2

Global total time: 00:01:08 (68.22 sec), executed benchmarks: 2
// * Artifacts cleanup *
Artifacts cleanup is finished
