// Validating benchmarks:
// ***** BenchmarkRunner: Start   *****
// ***** Found 2 benchmark(s) in total *****
// ***** Building 1 exe(s) in Parallel: Start   *****
// start dotnet  restore --nodeReuse:false /p:UseSharedCompilation=false /p:Deterministic=true /p:Optimize=true /p:ArtifactsPath="B:\GitHub\TelegramClientServer\TelegramBenchmarks\bin\Release\net8.0\TelegramBenchmarks-DefaultJob-1/" /p:OutDir="B:\GitHub\TelegramClientServer\TelegramBenchmarks\bin\Release\net8.0\TelegramBenchmarks-DefaultJob-1\bin\Release\net8.0/" /p:OutputPath="B:\GitHub\TelegramClientServer\TelegramBenchmarks\bin\Release\net8.0\TelegramBenchmarks-DefaultJob-1\bin\Release\net8.0/" /p:PublishDir="B:\GitHub\TelegramClientServer\TelegramBenchmarks\bin\Release\net8.0\TelegramBenchmarks-DefaultJob-1\publish/" in B:\GitHub\TelegramClientServer\TelegramBenchmarks\bin\Release\net8.0\TelegramBenchmarks-DefaultJob-1
// command took 3.15 sec and exited with 0
// start dotnet  build -c Release --no-restore --nodeReuse:false /p:UseSharedCompilation=false /p:Deterministic=true /p:Optimize=true /p:ArtifactsPath="B:\GitHub\TelegramClientServer\TelegramBenchmarks\bin\Release\net8.0\TelegramBenchmarks-DefaultJob-1/" /p:OutDir="B:\GitHub\TelegramClientServer\TelegramBenchmarks\bin\Release\net8.0\TelegramBenchmarks-DefaultJob-1\bin\Release\net8.0/" /p:OutputPath="B:\GitHub\TelegramClientServer\TelegramBenchmarks\bin\Release\net8.0\TelegramBenchmarks-DefaultJob-1\bin\Release\net8.0/" /p:PublishDir="B:\GitHub\TelegramClientServer\TelegramBenchmarks\bin\Release\net8.0\TelegramBenchmarks-DefaultJob-1\publish/" --output "B:\GitHub\TelegramClientServer\TelegramBenchmarks\bin\Release\net8.0\TelegramBenchmarks-DefaultJob-1\bin\Release\net8.0/" in B:\GitHub\TelegramClientServer\TelegramBenchmarks\bin\Release\net8.0\TelegramBenchmarks-DefaultJob-1
// command took 11.72 sec and exited with 0
// ***** Done, took 00:00:15 (15.02 sec)   *****
// Found 2 benchmarks:
//   MessageLoadBenchmark.LoadAsList: DefaultJob
//   MessageLoadBenchmark.LoadAsStream: DefaultJob

Setup power plan (GUID: 8c5e7fda-e8bf-4a96-9a85-a6e23a8c635c FriendlyName: Высокая производительность)
// **************************
// Benchmark: MessageLoadBenchmark.LoadAsList: DefaultJob
// *** Execute ***
// Launch: 1 / 1
// Execute: dotnet TelegramBenchmarks-DefaultJob-1.dll --anonymousPipes 1520 2360 --benchmarkName TelegramBenchmarks.MessageLoadBenchmark.LoadAsList --job Default --benchmarkId 0 in B:\GitHub\TelegramClientServer\TelegramBenchmarks\bin\Release\net8.0\TelegramBenchmarks-DefaultJob-1\bin\Release\net8.0
// BeforeAnythingElse

// Benchmark Process Environment Information:
// BenchmarkDotNet v0.15.8
// Runtime=.NET 8.0.25 (8.0.25, 8.0.2526.11203), X64 RyuJIT x86-64-v3
// GC=Concurrent Workstation
// HardwareIntrinsics=AVX2+BMI1+BMI2+F16C+FMA+LZCNT+MOVBE,AVX,SSE3+SSSE3+SSE4.1+SSE4.2+POPCNT,X86Base+SSE+SSE2,AES+PCLMUL VectorSize=256
// Job: DefaultJob

OverheadJitting  1: 1 op, 172300.00 ns, 172.3000 us/op
WorkloadJitting  1: 1 op, 2897151600.00 ns, 2.8972 s/op

OverheadJitting  2: 1 op, 1800.00 ns, 1.8000 us/op
WorkloadJitting  2: 1 op, 725431900.00 ns, 725.4319 ms/op

WorkloadWarmup   1: 1 op, 515029000.00 ns, 515.0290 ms/op
WorkloadWarmup   2: 1 op, 287284900.00 ns, 287.2849 ms/op
WorkloadWarmup   3: 1 op, 307873500.00 ns, 307.8735 ms/op
WorkloadWarmup   4: 1 op, 434254800.00 ns, 434.2548 ms/op
WorkloadWarmup   5: 1 op, 351549700.00 ns, 351.5497 ms/op
WorkloadWarmup   6: 1 op, 326254700.00 ns, 326.2547 ms/op
WorkloadWarmup   7: 1 op, 326025800.00 ns, 326.0258 ms/op
WorkloadWarmup   8: 1 op, 328492200.00 ns, 328.4922 ms/op
WorkloadWarmup   9: 1 op, 319815000.00 ns, 319.8150 ms/op

// BeforeActualRun
WorkloadActual   1: 1 op, 329290800.00 ns, 329.2908 ms/op
WorkloadActual   2: 1 op, 343918800.00 ns, 343.9188 ms/op
WorkloadActual   3: 1 op, 331837100.00 ns, 331.8371 ms/op
WorkloadActual   4: 1 op, 328727800.00 ns, 328.7278 ms/op
WorkloadActual   5: 1 op, 319142500.00 ns, 319.1425 ms/op
WorkloadActual   6: 1 op, 327188500.00 ns, 327.1885 ms/op
WorkloadActual   7: 1 op, 317852000.00 ns, 317.8520 ms/op
WorkloadActual   8: 1 op, 324700100.00 ns, 324.7001 ms/op
WorkloadActual   9: 1 op, 333205900.00 ns, 333.2059 ms/op
WorkloadActual  10: 1 op, 312979500.00 ns, 312.9795 ms/op
WorkloadActual  11: 1 op, 302045600.00 ns, 302.0456 ms/op
WorkloadActual  12: 1 op, 320309900.00 ns, 320.3099 ms/op
WorkloadActual  13: 1 op, 346811200.00 ns, 346.8112 ms/op
WorkloadActual  14: 1 op, 297457500.00 ns, 297.4575 ms/op
WorkloadActual  15: 1 op, 303221600.00 ns, 303.2216 ms/op
WorkloadActual  16: 1 op, 328669600.00 ns, 328.6696 ms/op
WorkloadActual  17: 1 op, 298579500.00 ns, 298.5795 ms/op
WorkloadActual  18: 1 op, 295247100.00 ns, 295.2471 ms/op
WorkloadActual  19: 1 op, 304862800.00 ns, 304.8628 ms/op
WorkloadActual  20: 1 op, 312086700.00 ns, 312.0867 ms/op
WorkloadActual  21: 1 op, 304659200.00 ns, 304.6592 ms/op
WorkloadActual  22: 1 op, 312553900.00 ns, 312.5539 ms/op
WorkloadActual  23: 1 op, 323213600.00 ns, 323.2136 ms/op
WorkloadActual  24: 1 op, 323035900.00 ns, 323.0359 ms/op
WorkloadActual  25: 1 op, 303219900.00 ns, 303.2199 ms/op
WorkloadActual  26: 1 op, 321162400.00 ns, 321.1624 ms/op
WorkloadActual  27: 1 op, 319578600.00 ns, 319.5786 ms/op
WorkloadActual  28: 1 op, 302727700.00 ns, 302.7277 ms/op
WorkloadActual  29: 1 op, 327195200.00 ns, 327.1952 ms/op
WorkloadActual  30: 1 op, 321992500.00 ns, 321.9925 ms/op
WorkloadActual  31: 1 op, 315411700.00 ns, 315.4117 ms/op
WorkloadActual  32: 1 op, 308970400.00 ns, 308.9704 ms/op
WorkloadActual  33: 1 op, 321998500.00 ns, 321.9985 ms/op
WorkloadActual  34: 1 op, 319116600.00 ns, 319.1166 ms/op
WorkloadActual  35: 1 op, 321113900.00 ns, 321.1139 ms/op
WorkloadActual  36: 1 op, 320600000.00 ns, 320.6000 ms/op
WorkloadActual  37: 1 op, 325076600.00 ns, 325.0766 ms/op
WorkloadActual  38: 1 op, 318661100.00 ns, 318.6611 ms/op
WorkloadActual  39: 1 op, 303078200.00 ns, 303.0782 ms/op
WorkloadActual  40: 1 op, 311270800.00 ns, 311.2708 ms/op
WorkloadActual  41: 1 op, 327124900.00 ns, 327.1249 ms/op
WorkloadActual  42: 1 op, 334618100.00 ns, 334.6181 ms/op
WorkloadActual  43: 1 op, 328850100.00 ns, 328.8501 ms/op
WorkloadActual  44: 1 op, 324629900.00 ns, 324.6299 ms/op
WorkloadActual  45: 1 op, 298392300.00 ns, 298.3923 ms/op
WorkloadActual  46: 1 op, 294737600.00 ns, 294.7376 ms/op
WorkloadActual  47: 1 op, 308990000.00 ns, 308.9900 ms/op
WorkloadActual  48: 1 op, 322693500.00 ns, 322.6935 ms/op

// AfterActualRun
WorkloadResult   1: 1 op, 329290800.00 ns, 329.2908 ms/op
WorkloadResult   2: 1 op, 343918800.00 ns, 343.9188 ms/op
WorkloadResult   3: 1 op, 331837100.00 ns, 331.8371 ms/op
WorkloadResult   4: 1 op, 328727800.00 ns, 328.7278 ms/op
WorkloadResult   5: 1 op, 319142500.00 ns, 319.1425 ms/op
WorkloadResult   6: 1 op, 327188500.00 ns, 327.1885 ms/op
WorkloadResult   7: 1 op, 317852000.00 ns, 317.8520 ms/op
WorkloadResult   8: 1 op, 324700100.00 ns, 324.7001 ms/op
WorkloadResult   9: 1 op, 333205900.00 ns, 333.2059 ms/op
WorkloadResult  10: 1 op, 312979500.00 ns, 312.9795 ms/op
WorkloadResult  11: 1 op, 302045600.00 ns, 302.0456 ms/op
WorkloadResult  12: 1 op, 320309900.00 ns, 320.3099 ms/op
WorkloadResult  13: 1 op, 346811200.00 ns, 346.8112 ms/op
WorkloadResult  14: 1 op, 297457500.00 ns, 297.4575 ms/op
WorkloadResult  15: 1 op, 303221600.00 ns, 303.2216 ms/op
WorkloadResult  16: 1 op, 328669600.00 ns, 328.6696 ms/op
WorkloadResult  17: 1 op, 298579500.00 ns, 298.5795 ms/op
WorkloadResult  18: 1 op, 295247100.00 ns, 295.2471 ms/op
WorkloadResult  19: 1 op, 304862800.00 ns, 304.8628 ms/op
WorkloadResult  20: 1 op, 312086700.00 ns, 312.0867 ms/op
WorkloadResult  21: 1 op, 304659200.00 ns, 304.6592 ms/op
WorkloadResult  22: 1 op, 312553900.00 ns, 312.5539 ms/op
WorkloadResult  23: 1 op, 323213600.00 ns, 323.2136 ms/op
WorkloadResult  24: 1 op, 323035900.00 ns, 323.0359 ms/op
WorkloadResult  25: 1 op, 303219900.00 ns, 303.2199 ms/op
WorkloadResult  26: 1 op, 321162400.00 ns, 321.1624 ms/op
WorkloadResult  27: 1 op, 319578600.00 ns, 319.5786 ms/op
WorkloadResult  28: 1 op, 302727700.00 ns, 302.7277 ms/op
WorkloadResult  29: 1 op, 327195200.00 ns, 327.1952 ms/op
WorkloadResult  30: 1 op, 321992500.00 ns, 321.9925 ms/op
WorkloadResult  31: 1 op, 315411700.00 ns, 315.4117 ms/op
WorkloadResult  32: 1 op, 308970400.00 ns, 308.9704 ms/op
WorkloadResult  33: 1 op, 321998500.00 ns, 321.9985 ms/op
WorkloadResult  34: 1 op, 319116600.00 ns, 319.1166 ms/op
WorkloadResult  35: 1 op, 321113900.00 ns, 321.1139 ms/op
WorkloadResult  36: 1 op, 320600000.00 ns, 320.6000 ms/op
WorkloadResult  37: 1 op, 325076600.00 ns, 325.0766 ms/op
WorkloadResult  38: 1 op, 318661100.00 ns, 318.6611 ms/op
WorkloadResult  39: 1 op, 303078200.00 ns, 303.0782 ms/op
WorkloadResult  40: 1 op, 311270800.00 ns, 311.2708 ms/op
WorkloadResult  41: 1 op, 327124900.00 ns, 327.1249 ms/op
WorkloadResult  42: 1 op, 334618100.00 ns, 334.6181 ms/op
WorkloadResult  43: 1 op, 328850100.00 ns, 328.8501 ms/op
WorkloadResult  44: 1 op, 324629900.00 ns, 324.6299 ms/op
WorkloadResult  45: 1 op, 298392300.00 ns, 298.3923 ms/op
WorkloadResult  46: 1 op, 294737600.00 ns, 294.7376 ms/op
WorkloadResult  47: 1 op, 308990000.00 ns, 308.9900 ms/op
WorkloadResult  48: 1 op, 322693500.00 ns, 322.6935 ms/op
// GC:  13 7 1 80536304 1
// Threading:  0 0 1

// AfterAll
// Benchmark Process 11120 has exited with code 0.

Mean = 317.558 ms, StdErr = 1.792 ms (0.56%), N = 48, StdDev = 12.416 ms
Min = 294.738 ms, Q1 = 307.943 ms, Median = 319.944 ms, Q3 = 325.589 ms, Max = 346.811 ms
IQR = 17.645 ms, LowerFence = 281.476 ms, UpperFence = 352.056 ms
ConfidenceInterval = [311.268 ms; 323.849 ms] (CI 99.9%), Margin = 6.290 ms (1.98% of Mean)
Skewness = -0.02, Kurtosis = 2.42, MValue = 2.21

// ** Remained 1 (50,0 %) benchmark(s) to run. Estimated finish 2026-04-01 17:15 (0h 0m from now) **
Setup power plan (GUID: 8c5e7fda-e8bf-4a96-9a85-a6e23a8c635c FriendlyName: Высокая производительность)
// **************************
// Benchmark: MessageLoadBenchmark.LoadAsStream: DefaultJob
// *** Execute ***
// Launch: 1 / 1
// Execute: dotnet TelegramBenchmarks-DefaultJob-1.dll --anonymousPipes 1376 2404 --benchmarkName TelegramBenchmarks.MessageLoadBenchmark.LoadAsStream --job Default --benchmarkId 1 in B:\GitHub\TelegramClientServer\TelegramBenchmarks\bin\Release\net8.0\TelegramBenchmarks-DefaultJob-1\bin\Release\net8.0
// BeforeAnythingElse

// Benchmark Process Environment Information:
// BenchmarkDotNet v0.15.8
// Runtime=.NET 8.0.25 (8.0.25, 8.0.2526.11203), X64 RyuJIT x86-64-v3
// GC=Concurrent Workstation
// HardwareIntrinsics=AVX2+BMI1+BMI2+F16C+FMA+LZCNT+MOVBE,AVX,SSE3+SSSE3+SSE4.1+SSE4.2+POPCNT,X86Base+SSE+SSE2,AES+PCLMUL VectorSize=256
// Job: DefaultJob

OverheadJitting  1: 1 op, 97300.00 ns, 97.3000 us/op
WorkloadJitting  1: 1 op, 2286128200.00 ns, 2.2861 s/op

OverheadJitting  2: 1 op, 1600.00 ns, 1.6000 us/op
WorkloadJitting  2: 1 op, 593237500.00 ns, 593.2375 ms/op

WorkloadWarmup   1: 1 op, 421839000.00 ns, 421.8390 ms/op
WorkloadWarmup   2: 1 op, 320995000.00 ns, 320.9950 ms/op
WorkloadWarmup   3: 1 op, 309031300.00 ns, 309.0313 ms/op
WorkloadWarmup   4: 1 op, 315973300.00 ns, 315.9733 ms/op
WorkloadWarmup   5: 1 op, 306285700.00 ns, 306.2857 ms/op
WorkloadWarmup   6: 1 op, 318798800.00 ns, 318.7988 ms/op
WorkloadWarmup   7: 1 op, 314285300.00 ns, 314.2853 ms/op

// BeforeActualRun
WorkloadActual   1: 1 op, 298570100.00 ns, 298.5701 ms/op
WorkloadActual   2: 1 op, 302767300.00 ns, 302.7673 ms/op
WorkloadActual   3: 1 op, 301427500.00 ns, 301.4275 ms/op
WorkloadActual   4: 1 op, 301293800.00 ns, 301.2938 ms/op
WorkloadActual   5: 1 op, 302506300.00 ns, 302.5063 ms/op
WorkloadActual   6: 1 op, 299822800.00 ns, 299.8228 ms/op
WorkloadActual   7: 1 op, 308274300.00 ns, 308.2743 ms/op
WorkloadActual   8: 1 op, 305673000.00 ns, 305.6730 ms/op
WorkloadActual   9: 1 op, 294176200.00 ns, 294.1762 ms/op
WorkloadActual  10: 1 op, 293009000.00 ns, 293.0090 ms/op
WorkloadActual  11: 1 op, 304941100.00 ns, 304.9411 ms/op
WorkloadActual  12: 1 op, 293453700.00 ns, 293.4537 ms/op
WorkloadActual  13: 1 op, 306031700.00 ns, 306.0317 ms/op
WorkloadActual  14: 1 op, 326095500.00 ns, 326.0955 ms/op
WorkloadActual  15: 1 op, 299120700.00 ns, 299.1207 ms/op

// AfterActualRun
WorkloadResult   1: 1 op, 298570100.00 ns, 298.5701 ms/op
WorkloadResult   2: 1 op, 302767300.00 ns, 302.7673 ms/op
WorkloadResult   3: 1 op, 301427500.00 ns, 301.4275 ms/op
WorkloadResult   4: 1 op, 301293800.00 ns, 301.2938 ms/op
WorkloadResult   5: 1 op, 302506300.00 ns, 302.5063 ms/op
WorkloadResult   6: 1 op, 299822800.00 ns, 299.8228 ms/op
WorkloadResult   7: 1 op, 308274300.00 ns, 308.2743 ms/op
WorkloadResult   8: 1 op, 305673000.00 ns, 305.6730 ms/op
WorkloadResult   9: 1 op, 294176200.00 ns, 294.1762 ms/op
WorkloadResult  10: 1 op, 293009000.00 ns, 293.0090 ms/op
WorkloadResult  11: 1 op, 304941100.00 ns, 304.9411 ms/op
WorkloadResult  12: 1 op, 293453700.00 ns, 293.4537 ms/op
WorkloadResult  13: 1 op, 306031700.00 ns, 306.0317 ms/op
WorkloadResult  14: 1 op, 299120700.00 ns, 299.1207 ms/op
// GC:  13 7 1 80155128 1
// Threading:  0 0 1

// AfterAll
// Benchmark Process 48676 has exited with code 0.

Mean = 300.791 ms, StdErr = 1.281 ms (0.43%), N = 14, StdDev = 4.795 ms
Min = 293.009 ms, Q1 = 298.708 ms, Median = 301.361 ms, Q3 = 304.398 ms, Max = 308.274 ms
IQR = 5.690 ms, LowerFence = 290.173 ms, UpperFence = 312.933 ms
ConfidenceInterval = [295.382 ms; 306.199 ms] (CI 99.9%), Margin = 5.409 ms (1.80% of Mean)
Skewness = -0.26, Kurtosis = 1.8, MValue = 2

// ** Remained 0 (0,0 %) benchmark(s) to run. Estimated finish 2026-04-01 17:14 (0h 0m from now) **
Successfully reverted power plan (GUID: 8c5e7fda-e8bf-4a96-9a85-a6e23a8c635c FriendlyName: Высокая производительность)
// ***** BenchmarkRunner: Finish  *****

// * Export *
  BenchmarkDotNet.Artifacts\results\TelegramBenchmarks.MessageLoadBenchmark-report.csv
  BenchmarkDotNet.Artifacts\results\TelegramBenchmarks.MessageLoadBenchmark-report-github.md
  BenchmarkDotNet.Artifacts\results\TelegramBenchmarks.MessageLoadBenchmark-report.html

// * Detailed results *
MessageLoadBenchmark.LoadAsList: DefaultJob
Runtime = .NET 8.0.25 (8.0.25, 8.0.2526.11203), X64 RyuJIT x86-64-v3; GC = Concurrent Workstation
Mean = 317.558 ms, StdErr = 1.792 ms (0.56%), N = 48, StdDev = 12.416 ms
Min = 294.738 ms, Q1 = 307.943 ms, Median = 319.944 ms, Q3 = 325.589 ms, Max = 346.811 ms
IQR = 17.645 ms, LowerFence = 281.476 ms, UpperFence = 352.056 ms
ConfidenceInterval = [311.268 ms; 323.849 ms] (CI 99.9%), Margin = 6.290 ms (1.98% of Mean)
Skewness = -0.02, Kurtosis = 2.42, MValue = 2.21
-------------------- Histogram --------------------
[290.254 ms ; 296.676 ms) | @@
[296.676 ms ; 308.927 ms) | @@@@@@@@@@
[308.927 ms ; 318.444 ms) | @@@@@@@@
[318.444 ms ; 327.412 ms) | @@@@@@@@@@@@@@@@@@@
[327.412 ms ; 340.881 ms) | @@@@@@@
[340.881 ms ; 351.295 ms) | @@
---------------------------------------------------

MessageLoadBenchmark.LoadAsStream: DefaultJob
Runtime = .NET 8.0.25 (8.0.25, 8.0.2526.11203), X64 RyuJIT x86-64-v3; GC = Concurrent Workstation
Mean = 300.791 ms, StdErr = 1.281 ms (0.43%), N = 14, StdDev = 4.795 ms
Min = 293.009 ms, Q1 = 298.708 ms, Median = 301.361 ms, Q3 = 304.398 ms, Max = 308.274 ms
IQR = 5.690 ms, LowerFence = 290.173 ms, UpperFence = 312.933 ms
ConfidenceInterval = [295.382 ms; 306.199 ms] (CI 99.9%), Margin = 5.409 ms (1.80% of Mean)
Skewness = -0.26, Kurtosis = 1.8, MValue = 2
-------------------- Histogram --------------------
[290.398 ms ; 296.529 ms) | @@@
[296.529 ms ; 309.674 ms) | @@@@@@@@@@@
---------------------------------------------------

// * Summary *

BenchmarkDotNet v0.15.8, Windows 11 (10.0.26200.7623/25H2/2025Update/HudsonValley2)
AMD Ryzen 5 5500U with Radeon Graphics 2.10GHz, 1 CPU, 12 logical and 6 physical cores
.NET SDK 8.0.419
  [Host]     : .NET 8.0.25 (8.0.25, 8.0.2526.11203), X64 RyuJIT x86-64-v3
  DefaultJob : .NET 8.0.25 (8.0.25, 8.0.2526.11203), X64 RyuJIT x86-64-v3


| Method       | Mean     | Error   | StdDev   | Gen0       | Gen1      | Gen2      | Allocated |
|------------- |---------:|--------:|---------:|-----------:|----------:|----------:|----------:|
| LoadAsList   | 317.6 ms | 6.29 ms | 12.42 ms | 13000.0000 | 7000.0000 | 1000.0000 |  76.81 MB |
| LoadAsStream | 300.8 ms | 5.41 ms |  4.79 ms | 13000.0000 | 7000.0000 | 1000.0000 |  76.44 MB |

// * Hints *
Outliers
  MessageLoadBenchmark.LoadAsStream: Default -> 1 outlier  was  removed (326.10 ms)

// * Legends *
  Mean      : Arithmetic mean of all measurements
  Error     : Half of 99.9% confidence interval
  StdDev    : Standard deviation of all measurements
  Gen0      : GC Generation 0 collects per 1000 operations
  Gen1      : GC Generation 1 collects per 1000 operations
  Gen2      : GC Generation 2 collects per 1000 operations
  Allocated : Allocated memory per single operation (managed only, inclusive, 1KB = 1024B)
  1 ms      : 1 Millisecond (0.001 sec)

// * Diagnostic Output - MemoryDiagnoser *


// ***** BenchmarkRunner: End *****
Run time: 00:00:37 (37.28 sec), executed benchmarks: 2

Global total time: 00:00:52 (52.99 sec), executed benchmarks: 2
// * Artifacts cleanup *
Artifacts cleanup is finished
